--------------------------------------------------------------------------------------
Timing Analyzer Summary
--------------------------------------------------------------------------------------

Type           : Worst-case tsu
Slack          : N/A
Required Time  : None
Actual Time    : 3.714 ns
From           : i_sck
To             : front_detector:front_detector_inst|q
From Clock     : --
To Clock       : i_clk
Failed Paths   : 0

Type           : Worst-case tco
Slack          : N/A
Required Time  : None
Actual Time    : 7.336 ns
From           : o_miso[2]~reg0
To             : o_miso[2]
From Clock     : i_clk
To Clock       : --
Failed Paths   : 0

Type           : Worst-case th
Slack          : N/A
Required Time  : None
Actual Time    : -2.375 ns
From           : i_mosi[1]
To             : o_miso[1]~reg0
From Clock     : --
To Clock       : i_clk
Failed Paths   : 0

Type           : Clock Setup: 'i_clk'
Slack          : N/A
Required Time  : None
Actual Time    : 395.88 MHz ( period = 2.526 ns )
From           : counter:counter_inst|count[6]
To             : q[22]
From Clock     : i_clk
To Clock       : i_clk
Failed Paths   : 0

Type           : Clock Setup: 'i_sck'
Slack          : N/A
Required Time  : None
Actual Time    : Restricted to 500.00 MHz ( period = 2.000 ns )
From           : shift_register:shift_register_inst|q[5][0]
To             : shift_register:shift_register_inst|q[6][0]
From Clock     : i_sck
To Clock       : i_sck
Failed Paths   : 0

Type           : Total number of failed paths
Slack          : 
Required Time  : 
Actual Time    : 
From           : 
To             : 
From Clock     : 
To Clock       : 
Failed Paths   : 0

--------------------------------------------------------------------------------------

