Classic Timing Analyzer report for laba2
Fri Apr 10 21:35:02 2026
Quartus II Version 9.1 Build 350 03/24/2010 Service Pack 2 SJ Web Edition


---------------------
; Table of Contents ;
---------------------
  1. Legal Notice
  2. Timing Analyzer Summary
  3. Timing Analyzer Settings
  4. Clock Settings Summary
  5. Parallel Compilation
  6. Clock Setup: 'i_clk'
  7. tsu
  8. tco
  9. th
 10. Timing Analyzer Messages



----------------
; Legal Notice ;
----------------
Copyright (C) 1991-2010 Altera Corporation
Your use of Altera Corporation's design tools, logic functions 
and other software and tools, and its AMPP partner logic 
functions, and any output files from any of the foregoing 
(including device programming or simulation files), and any 
associated documentation or information are expressly subject 
to the terms and conditions of the Altera Program License 
Subscription Agreement, Altera MegaCore Function License 
Agreement, or other applicable license agreement, including, 
without limitation, that your use is for the sole purpose of 
programming logic devices manufactured by Altera and sold by 
Altera or its authorized distributors.  Please refer to the 
applicable agreement for further details.



+-------------------------------------------------------------------------------------------------------------------------------------------------------------------------------------------------------------+
; Timing Analyzer Summary                                                                                                                                                                                     ;
+------------------------------+-------+---------------+----------------------------------+-------------------------------+--------------------------------------------+------------+----------+--------------+
; Type                         ; Slack ; Required Time ; Actual Time                      ; From                          ; To                                         ; From Clock ; To Clock ; Failed Paths ;
+------------------------------+-------+---------------+----------------------------------+-------------------------------+--------------------------------------------+------------+----------+--------------+
; Worst-case tsu               ; N/A   ; None          ; 4.954 ns                         ; i_sck                         ; shift_register:shift_register_inst|q[0][2] ; --         ; i_clk    ; 0            ;
; Worst-case tco               ; N/A   ; None          ; 6.889 ns                         ; register:q_regs[13].reg_q|o_d ; o_data[13]                                 ; i_clk      ; --       ; 0            ;
; Worst-case th                ; N/A   ; None          ; -2.129 ns                        ; i_mosi[1]                     ; register:miso_regs[1].reg_miso|o_d         ; --         ; i_clk    ; 0            ;
; Clock Setup: 'i_clk'         ; N/A   ; None          ; 453.93 MHz ( period = 2.203 ns ) ; counter:counter_inst|count[0] ; register:q_regs[22].reg_q|o_d              ; i_clk      ; i_clk    ; 0            ;
; Total number of failed paths ;       ;               ;                                  ;                               ;                                            ;            ;          ; 0            ;
+------------------------------+-------+---------------+----------------------------------+-------------------------------+--------------------------------------------+------------+----------+--------------+


+-----------------------------------------------------------------------------------------------------------------------------------------------------+
; Timing Analyzer Settings                                                                                                                            ;
+------------------------------------------------------------------------------------------------------+--------------------+------+----+-------------+
; Option                                                                                               ; Setting            ; From ; To ; Entity Name ;
+------------------------------------------------------------------------------------------------------+--------------------+------+----+-------------+
; Device Name                                                                                          ; EP2S15F484C3       ;      ;    ;             ;
; Timing Models                                                                                        ; Final              ;      ;    ;             ;
; Default hold multicycle                                                                              ; Same as Multicycle ;      ;    ;             ;
; Cut paths between unrelated clock domains                                                            ; On                 ;      ;    ;             ;
; Cut off read during write signal paths                                                               ; On                 ;      ;    ;             ;
; Cut off feedback from I/O pins                                                                       ; On                 ;      ;    ;             ;
; Report Combined Fast/Slow Timing                                                                     ; Off                ;      ;    ;             ;
; Ignore Clock Settings                                                                                ; Off                ;      ;    ;             ;
; Analyze latches as synchronous elements                                                              ; On                 ;      ;    ;             ;
; Enable Recovery/Removal analysis                                                                     ; Off                ;      ;    ;             ;
; Enable Clock Latency                                                                                 ; Off                ;      ;    ;             ;
; Use TimeQuest Timing Analyzer                                                                        ; Off                ;      ;    ;             ;
; Number of source nodes to report per destination node                                                ; 10                 ;      ;    ;             ;
; Number of destination nodes to report                                                                ; 10                 ;      ;    ;             ;
; Number of paths to report                                                                            ; 200                ;      ;    ;             ;
; Report Minimum Timing Checks                                                                         ; Off                ;      ;    ;             ;
; Use Fast Timing Models                                                                               ; Off                ;      ;    ;             ;
; Report IO Paths Separately                                                                           ; Off                ;      ;    ;             ;
; Perform Multicorner Analysis                                                                         ; On                 ;      ;    ;             ;
; Reports the worst-case path for each clock domain and analysis                                       ; Off                ;      ;    ;             ;
; Reports worst-case timing paths for each clock domain and analysis                                   ; Off                ;      ;    ;             ;
; Specifies the maximum number of worst-case timing paths to report for each clock domain and analysis ; 100                ;      ;    ;             ;
; Removes common clock path pessimism (CCPP) during slack computation                                  ; Off                ;      ;    ;             ;
; Output I/O Timing Endpoint                                                                           ; Near End           ;      ;    ;             ;
+------------------------------------------------------------------------------------------------------+--------------------+------+----+-------------+


+------------------------------------------------------------------------------------------------------------------------------------------------------------------------------------+
; Clock Settings Summary                                                                                                                                                             ;
+-----------------+--------------------+----------+------------------+---------------+--------------+----------+-----------------------+---------------------+--------+--------------+
; Clock Node Name ; Clock Setting Name ; Type     ; Fmax Requirement ; Early Latency ; Late Latency ; Based on ; Multiply Base Fmax by ; Divide Base Fmax by ; Offset ; Phase offset ;
+-----------------+--------------------+----------+------------------+---------------+--------------+----------+-----------------------+---------------------+--------+--------------+
; i_clk           ;                    ; User Pin ; None             ; 0.000 ns      ; 0.000 ns     ; --       ; N/A                   ; N/A                 ; N/A    ;              ;
+-----------------+--------------------+----------+------------------+---------------+--------------+----------+-----------------------+---------------------+--------+--------------+


Parallel compilation was disabled, but you have multiple processors available. Enable parallel compilation to reduce compilation time.
+-------------------------------------+
; Parallel Compilation                ;
+----------------------------+--------+
; Processors                 ; Number ;
+----------------------------+--------+
; Number detected on machine ; 2      ;
; Maximum allowed            ; 1      ;
+----------------------------+--------+


+----------------------------------------------------------------------------------------------------------------------------------------------------------------------------------------------------------------------------------------------------------------------------------------+
; Clock Setup: 'i_clk'                                                                                                                                                                                                                                                                   ;
+-----------------------------------------+-----------------------------------------------------+-------------------------------+--------------------------------------------+------------+----------+-----------------------------+---------------------------+-------------------------+
; Slack                                   ; Actual fmax (period)                                ; From                          ; To                                         ; From Clock ; To Clock ; Required Setup Relationship ; Required Longest P2P Time ; Actual Longest P2P Time ;
+-----------------------------------------+-----------------------------------------------------+-------------------------------+--------------------------------------------+------------+----------+-----------------------------+---------------------------+-------------------------+
; N/A                                     ; 453.93 MHz ( period = 2.203 ns )                    ; counter:counter_inst|count[0] ; register:q_regs[7].reg_q|o_d               ; i_clk      ; i_clk    ; None                        ; None                      ; 2.027 ns                ;
; N/A                                     ; 453.93 MHz ( period = 2.203 ns )                    ; counter:counter_inst|count[0] ; register:q_regs[10].reg_q|o_d              ; i_clk      ; i_clk    ; None                        ; None                      ; 2.027 ns                ;
; N/A                                     ; 453.93 MHz ( period = 2.203 ns )                    ; counter:counter_inst|count[0] ; register:q_regs[13].reg_q|o_d              ; i_clk      ; i_clk    ; None                        ; None                      ; 2.027 ns                ;
; N/A                                     ; 453.93 MHz ( period = 2.203 ns )                    ; counter:counter_inst|count[0] ; register:q_regs[16].reg_q|o_d              ; i_clk      ; i_clk    ; None                        ; None                      ; 2.027 ns                ;
; N/A                                     ; 453.93 MHz ( period = 2.203 ns )                    ; counter:counter_inst|count[0] ; register:q_regs[19].reg_q|o_d              ; i_clk      ; i_clk    ; None                        ; None                      ; 2.027 ns                ;
; N/A                                     ; 453.93 MHz ( period = 2.203 ns )                    ; counter:counter_inst|count[0] ; register:q_regs[22].reg_q|o_d              ; i_clk      ; i_clk    ; None                        ; None                      ; 2.027 ns                ;
; N/A                                     ; 454.55 MHz ( period = 2.200 ns )                    ; counter:counter_inst|count[0] ; register:q_regs[6].reg_q|o_d               ; i_clk      ; i_clk    ; None                        ; None                      ; 2.023 ns                ;
; N/A                                     ; 454.55 MHz ( period = 2.200 ns )                    ; counter:counter_inst|count[0] ; register:q_regs[9].reg_q|o_d               ; i_clk      ; i_clk    ; None                        ; None                      ; 2.023 ns                ;
; N/A                                     ; 454.55 MHz ( period = 2.200 ns )                    ; counter:counter_inst|count[0] ; register:q_regs[12].reg_q|o_d              ; i_clk      ; i_clk    ; None                        ; None                      ; 2.023 ns                ;
; N/A                                     ; 454.55 MHz ( period = 2.200 ns )                    ; counter:counter_inst|count[0] ; register:q_regs[15].reg_q|o_d              ; i_clk      ; i_clk    ; None                        ; None                      ; 2.023 ns                ;
; N/A                                     ; 454.55 MHz ( period = 2.200 ns )                    ; counter:counter_inst|count[0] ; register:q_regs[18].reg_q|o_d              ; i_clk      ; i_clk    ; None                        ; None                      ; 2.023 ns                ;
; N/A                                     ; 454.55 MHz ( period = 2.200 ns )                    ; counter:counter_inst|count[0] ; register:q_regs[21].reg_q|o_d              ; i_clk      ; i_clk    ; None                        ; None                      ; 2.023 ns                ;
; N/A                                     ; 455.37 MHz ( period = 2.196 ns )                    ; counter:counter_inst|count[6] ; register:q_regs[7].reg_q|o_d               ; i_clk      ; i_clk    ; None                        ; None                      ; 2.020 ns                ;
; N/A                                     ; 455.37 MHz ( period = 2.196 ns )                    ; counter:counter_inst|count[6] ; register:q_regs[10].reg_q|o_d              ; i_clk      ; i_clk    ; None                        ; None                      ; 2.020 ns                ;
; N/A                                     ; 455.37 MHz ( period = 2.196 ns )                    ; counter:counter_inst|count[6] ; register:q_regs[13].reg_q|o_d              ; i_clk      ; i_clk    ; None                        ; None                      ; 2.020 ns                ;
; N/A                                     ; 455.37 MHz ( period = 2.196 ns )                    ; counter:counter_inst|count[6] ; register:q_regs[16].reg_q|o_d              ; i_clk      ; i_clk    ; None                        ; None                      ; 2.020 ns                ;
; N/A                                     ; 455.37 MHz ( period = 2.196 ns )                    ; counter:counter_inst|count[6] ; register:q_regs[19].reg_q|o_d              ; i_clk      ; i_clk    ; None                        ; None                      ; 2.020 ns                ;
; N/A                                     ; 455.37 MHz ( period = 2.196 ns )                    ; counter:counter_inst|count[6] ; register:q_regs[22].reg_q|o_d              ; i_clk      ; i_clk    ; None                        ; None                      ; 2.020 ns                ;
; N/A                                     ; 456.00 MHz ( period = 2.193 ns )                    ; counter:counter_inst|count[0] ; register:q_regs[5].reg_q|o_d               ; i_clk      ; i_clk    ; None                        ; None                      ; 2.012 ns                ;
; N/A                                     ; 456.00 MHz ( period = 2.193 ns )                    ; counter:counter_inst|count[6] ; register:q_regs[6].reg_q|o_d               ; i_clk      ; i_clk    ; None                        ; None                      ; 2.016 ns                ;
; N/A                                     ; 456.00 MHz ( period = 2.193 ns )                    ; counter:counter_inst|count[0] ; register:q_regs[8].reg_q|o_d               ; i_clk      ; i_clk    ; None                        ; None                      ; 2.012 ns                ;
; N/A                                     ; 456.00 MHz ( period = 2.193 ns )                    ; counter:counter_inst|count[6] ; register:q_regs[9].reg_q|o_d               ; i_clk      ; i_clk    ; None                        ; None                      ; 2.016 ns                ;
; N/A                                     ; 456.00 MHz ( period = 2.193 ns )                    ; counter:counter_inst|count[0] ; register:q_regs[11].reg_q|o_d              ; i_clk      ; i_clk    ; None                        ; None                      ; 2.012 ns                ;
; N/A                                     ; 456.00 MHz ( period = 2.193 ns )                    ; counter:counter_inst|count[6] ; register:q_regs[12].reg_q|o_d              ; i_clk      ; i_clk    ; None                        ; None                      ; 2.016 ns                ;
; N/A                                     ; 456.00 MHz ( period = 2.193 ns )                    ; counter:counter_inst|count[0] ; register:q_regs[14].reg_q|o_d              ; i_clk      ; i_clk    ; None                        ; None                      ; 2.012 ns                ;
; N/A                                     ; 456.00 MHz ( period = 2.193 ns )                    ; counter:counter_inst|count[6] ; register:q_regs[15].reg_q|o_d              ; i_clk      ; i_clk    ; None                        ; None                      ; 2.016 ns                ;
; N/A                                     ; 456.00 MHz ( period = 2.193 ns )                    ; counter:counter_inst|count[0] ; register:q_regs[17].reg_q|o_d              ; i_clk      ; i_clk    ; None                        ; None                      ; 2.012 ns                ;
; N/A                                     ; 456.00 MHz ( period = 2.193 ns )                    ; counter:counter_inst|count[6] ; register:q_regs[18].reg_q|o_d              ; i_clk      ; i_clk    ; None                        ; None                      ; 2.016 ns                ;
; N/A                                     ; 456.00 MHz ( period = 2.193 ns )                    ; counter:counter_inst|count[0] ; register:q_regs[20].reg_q|o_d              ; i_clk      ; i_clk    ; None                        ; None                      ; 2.012 ns                ;
; N/A                                     ; 456.00 MHz ( period = 2.193 ns )                    ; counter:counter_inst|count[6] ; register:q_regs[21].reg_q|o_d              ; i_clk      ; i_clk    ; None                        ; None                      ; 2.016 ns                ;
; N/A                                     ; 456.00 MHz ( period = 2.193 ns )                    ; counter:counter_inst|count[0] ; register:q_regs[23].reg_q|o_d              ; i_clk      ; i_clk    ; None                        ; None                      ; 2.012 ns                ;
; N/A                                     ; 457.46 MHz ( period = 2.186 ns )                    ; counter:counter_inst|count[6] ; register:q_regs[5].reg_q|o_d               ; i_clk      ; i_clk    ; None                        ; None                      ; 2.005 ns                ;
; N/A                                     ; 457.46 MHz ( period = 2.186 ns )                    ; counter:counter_inst|count[6] ; register:q_regs[8].reg_q|o_d               ; i_clk      ; i_clk    ; None                        ; None                      ; 2.005 ns                ;
; N/A                                     ; 457.46 MHz ( period = 2.186 ns )                    ; counter:counter_inst|count[6] ; register:q_regs[11].reg_q|o_d              ; i_clk      ; i_clk    ; None                        ; None                      ; 2.005 ns                ;
; N/A                                     ; 457.46 MHz ( period = 2.186 ns )                    ; counter:counter_inst|count[6] ; register:q_regs[14].reg_q|o_d              ; i_clk      ; i_clk    ; None                        ; None                      ; 2.005 ns                ;
; N/A                                     ; 457.46 MHz ( period = 2.186 ns )                    ; counter:counter_inst|count[6] ; register:q_regs[17].reg_q|o_d              ; i_clk      ; i_clk    ; None                        ; None                      ; 2.005 ns                ;
; N/A                                     ; 457.46 MHz ( period = 2.186 ns )                    ; counter:counter_inst|count[6] ; register:q_regs[20].reg_q|o_d              ; i_clk      ; i_clk    ; None                        ; None                      ; 2.005 ns                ;
; N/A                                     ; 457.46 MHz ( period = 2.186 ns )                    ; counter:counter_inst|count[6] ; register:q_regs[23].reg_q|o_d              ; i_clk      ; i_clk    ; None                        ; None                      ; 2.005 ns                ;
; N/A                                     ; 477.78 MHz ( period = 2.093 ns )                    ; counter:counter_inst|count[7] ; register:q_regs[7].reg_q|o_d               ; i_clk      ; i_clk    ; None                        ; None                      ; 1.917 ns                ;
; N/A                                     ; 477.78 MHz ( period = 2.093 ns )                    ; counter:counter_inst|count[7] ; register:q_regs[10].reg_q|o_d              ; i_clk      ; i_clk    ; None                        ; None                      ; 1.917 ns                ;
; N/A                                     ; 477.78 MHz ( period = 2.093 ns )                    ; counter:counter_inst|count[7] ; register:q_regs[13].reg_q|o_d              ; i_clk      ; i_clk    ; None                        ; None                      ; 1.917 ns                ;
; N/A                                     ; 477.78 MHz ( period = 2.093 ns )                    ; counter:counter_inst|count[7] ; register:q_regs[16].reg_q|o_d              ; i_clk      ; i_clk    ; None                        ; None                      ; 1.917 ns                ;
; N/A                                     ; 477.78 MHz ( period = 2.093 ns )                    ; counter:counter_inst|count[7] ; register:q_regs[19].reg_q|o_d              ; i_clk      ; i_clk    ; None                        ; None                      ; 1.917 ns                ;
; N/A                                     ; 477.78 MHz ( period = 2.093 ns )                    ; counter:counter_inst|count[7] ; register:q_regs[22].reg_q|o_d              ; i_clk      ; i_clk    ; None                        ; None                      ; 1.917 ns                ;
; N/A                                     ; 478.47 MHz ( period = 2.090 ns )                    ; counter:counter_inst|count[7] ; register:q_regs[6].reg_q|o_d               ; i_clk      ; i_clk    ; None                        ; None                      ; 1.913 ns                ;
; N/A                                     ; 478.47 MHz ( period = 2.090 ns )                    ; counter:counter_inst|count[7] ; register:q_regs[9].reg_q|o_d               ; i_clk      ; i_clk    ; None                        ; None                      ; 1.913 ns                ;
; N/A                                     ; 478.47 MHz ( period = 2.090 ns )                    ; counter:counter_inst|count[7] ; register:q_regs[12].reg_q|o_d              ; i_clk      ; i_clk    ; None                        ; None                      ; 1.913 ns                ;
; N/A                                     ; 478.47 MHz ( period = 2.090 ns )                    ; counter:counter_inst|count[7] ; register:q_regs[15].reg_q|o_d              ; i_clk      ; i_clk    ; None                        ; None                      ; 1.913 ns                ;
; N/A                                     ; 478.47 MHz ( period = 2.090 ns )                    ; counter:counter_inst|count[7] ; register:q_regs[18].reg_q|o_d              ; i_clk      ; i_clk    ; None                        ; None                      ; 1.913 ns                ;
; N/A                                     ; 478.47 MHz ( period = 2.090 ns )                    ; counter:counter_inst|count[7] ; register:q_regs[21].reg_q|o_d              ; i_clk      ; i_clk    ; None                        ; None                      ; 1.913 ns                ;
; N/A                                     ; 480.08 MHz ( period = 2.083 ns )                    ; counter:counter_inst|count[7] ; register:q_regs[5].reg_q|o_d               ; i_clk      ; i_clk    ; None                        ; None                      ; 1.902 ns                ;
; N/A                                     ; 480.08 MHz ( period = 2.083 ns )                    ; counter:counter_inst|count[7] ; register:q_regs[8].reg_q|o_d               ; i_clk      ; i_clk    ; None                        ; None                      ; 1.902 ns                ;
; N/A                                     ; 480.08 MHz ( period = 2.083 ns )                    ; counter:counter_inst|count[7] ; register:q_regs[11].reg_q|o_d              ; i_clk      ; i_clk    ; None                        ; None                      ; 1.902 ns                ;
; N/A                                     ; 480.08 MHz ( period = 2.083 ns )                    ; counter:counter_inst|count[7] ; register:q_regs[14].reg_q|o_d              ; i_clk      ; i_clk    ; None                        ; None                      ; 1.902 ns                ;
; N/A                                     ; 480.08 MHz ( period = 2.083 ns )                    ; counter:counter_inst|count[7] ; register:q_regs[17].reg_q|o_d              ; i_clk      ; i_clk    ; None                        ; None                      ; 1.902 ns                ;
; N/A                                     ; 480.08 MHz ( period = 2.083 ns )                    ; counter:counter_inst|count[7] ; register:q_regs[20].reg_q|o_d              ; i_clk      ; i_clk    ; None                        ; None                      ; 1.902 ns                ;
; N/A                                     ; 480.08 MHz ( period = 2.083 ns )                    ; counter:counter_inst|count[7] ; register:q_regs[23].reg_q|o_d              ; i_clk      ; i_clk    ; None                        ; None                      ; 1.902 ns                ;
; N/A                                     ; 487.80 MHz ( period = 2.050 ns )                    ; counter:counter_inst|count[5] ; register:q_regs[7].reg_q|o_d               ; i_clk      ; i_clk    ; None                        ; None                      ; 1.874 ns                ;
; N/A                                     ; 487.80 MHz ( period = 2.050 ns )                    ; counter:counter_inst|count[5] ; register:q_regs[10].reg_q|o_d              ; i_clk      ; i_clk    ; None                        ; None                      ; 1.874 ns                ;
; N/A                                     ; 487.80 MHz ( period = 2.050 ns )                    ; counter:counter_inst|count[5] ; register:q_regs[13].reg_q|o_d              ; i_clk      ; i_clk    ; None                        ; None                      ; 1.874 ns                ;
; N/A                                     ; 487.80 MHz ( period = 2.050 ns )                    ; counter:counter_inst|count[5] ; register:q_regs[16].reg_q|o_d              ; i_clk      ; i_clk    ; None                        ; None                      ; 1.874 ns                ;
; N/A                                     ; 487.80 MHz ( period = 2.050 ns )                    ; counter:counter_inst|count[5] ; register:q_regs[19].reg_q|o_d              ; i_clk      ; i_clk    ; None                        ; None                      ; 1.874 ns                ;
; N/A                                     ; 487.80 MHz ( period = 2.050 ns )                    ; counter:counter_inst|count[5] ; register:q_regs[22].reg_q|o_d              ; i_clk      ; i_clk    ; None                        ; None                      ; 1.874 ns                ;
; N/A                                     ; 488.52 MHz ( period = 2.047 ns )                    ; counter:counter_inst|count[5] ; register:q_regs[6].reg_q|o_d               ; i_clk      ; i_clk    ; None                        ; None                      ; 1.870 ns                ;
; N/A                                     ; 488.52 MHz ( period = 2.047 ns )                    ; counter:counter_inst|count[5] ; register:q_regs[9].reg_q|o_d               ; i_clk      ; i_clk    ; None                        ; None                      ; 1.870 ns                ;
; N/A                                     ; 488.52 MHz ( period = 2.047 ns )                    ; counter:counter_inst|count[5] ; register:q_regs[12].reg_q|o_d              ; i_clk      ; i_clk    ; None                        ; None                      ; 1.870 ns                ;
; N/A                                     ; 488.52 MHz ( period = 2.047 ns )                    ; counter:counter_inst|count[5] ; register:q_regs[15].reg_q|o_d              ; i_clk      ; i_clk    ; None                        ; None                      ; 1.870 ns                ;
; N/A                                     ; 488.52 MHz ( period = 2.047 ns )                    ; counter:counter_inst|count[5] ; register:q_regs[18].reg_q|o_d              ; i_clk      ; i_clk    ; None                        ; None                      ; 1.870 ns                ;
; N/A                                     ; 488.52 MHz ( period = 2.047 ns )                    ; counter:counter_inst|count[5] ; register:q_regs[21].reg_q|o_d              ; i_clk      ; i_clk    ; None                        ; None                      ; 1.870 ns                ;
; N/A                                     ; 489.00 MHz ( period = 2.045 ns )                    ; counter:counter_inst|count[1] ; register:q_regs[7].reg_q|o_d               ; i_clk      ; i_clk    ; None                        ; None                      ; 1.869 ns                ;
; N/A                                     ; 489.00 MHz ( period = 2.045 ns )                    ; counter:counter_inst|count[1] ; register:q_regs[10].reg_q|o_d              ; i_clk      ; i_clk    ; None                        ; None                      ; 1.869 ns                ;
; N/A                                     ; 489.00 MHz ( period = 2.045 ns )                    ; counter:counter_inst|count[1] ; register:q_regs[13].reg_q|o_d              ; i_clk      ; i_clk    ; None                        ; None                      ; 1.869 ns                ;
; N/A                                     ; 489.00 MHz ( period = 2.045 ns )                    ; counter:counter_inst|count[1] ; register:q_regs[16].reg_q|o_d              ; i_clk      ; i_clk    ; None                        ; None                      ; 1.869 ns                ;
; N/A                                     ; 489.00 MHz ( period = 2.045 ns )                    ; counter:counter_inst|count[1] ; register:q_regs[19].reg_q|o_d              ; i_clk      ; i_clk    ; None                        ; None                      ; 1.869 ns                ;
; N/A                                     ; 489.00 MHz ( period = 2.045 ns )                    ; counter:counter_inst|count[1] ; register:q_regs[22].reg_q|o_d              ; i_clk      ; i_clk    ; None                        ; None                      ; 1.869 ns                ;
; N/A                                     ; 489.72 MHz ( period = 2.042 ns )                    ; counter:counter_inst|count[1] ; register:q_regs[6].reg_q|o_d               ; i_clk      ; i_clk    ; None                        ; None                      ; 1.865 ns                ;
; N/A                                     ; 489.72 MHz ( period = 2.042 ns )                    ; counter:counter_inst|count[1] ; register:q_regs[9].reg_q|o_d               ; i_clk      ; i_clk    ; None                        ; None                      ; 1.865 ns                ;
; N/A                                     ; 489.72 MHz ( period = 2.042 ns )                    ; counter:counter_inst|count[1] ; register:q_regs[12].reg_q|o_d              ; i_clk      ; i_clk    ; None                        ; None                      ; 1.865 ns                ;
; N/A                                     ; 489.72 MHz ( period = 2.042 ns )                    ; counter:counter_inst|count[1] ; register:q_regs[15].reg_q|o_d              ; i_clk      ; i_clk    ; None                        ; None                      ; 1.865 ns                ;
; N/A                                     ; 489.72 MHz ( period = 2.042 ns )                    ; counter:counter_inst|count[1] ; register:q_regs[18].reg_q|o_d              ; i_clk      ; i_clk    ; None                        ; None                      ; 1.865 ns                ;
; N/A                                     ; 489.72 MHz ( period = 2.042 ns )                    ; counter:counter_inst|count[1] ; register:q_regs[21].reg_q|o_d              ; i_clk      ; i_clk    ; None                        ; None                      ; 1.865 ns                ;
; N/A                                     ; 490.20 MHz ( period = 2.040 ns )                    ; counter:counter_inst|count[5] ; register:q_regs[5].reg_q|o_d               ; i_clk      ; i_clk    ; None                        ; None                      ; 1.859 ns                ;
; N/A                                     ; 490.20 MHz ( period = 2.040 ns )                    ; counter:counter_inst|count[5] ; register:q_regs[8].reg_q|o_d               ; i_clk      ; i_clk    ; None                        ; None                      ; 1.859 ns                ;
; N/A                                     ; 490.20 MHz ( period = 2.040 ns )                    ; counter:counter_inst|count[5] ; register:q_regs[11].reg_q|o_d              ; i_clk      ; i_clk    ; None                        ; None                      ; 1.859 ns                ;
; N/A                                     ; 490.20 MHz ( period = 2.040 ns )                    ; counter:counter_inst|count[5] ; register:q_regs[14].reg_q|o_d              ; i_clk      ; i_clk    ; None                        ; None                      ; 1.859 ns                ;
; N/A                                     ; 490.20 MHz ( period = 2.040 ns )                    ; counter:counter_inst|count[5] ; register:q_regs[17].reg_q|o_d              ; i_clk      ; i_clk    ; None                        ; None                      ; 1.859 ns                ;
; N/A                                     ; 490.20 MHz ( period = 2.040 ns )                    ; counter:counter_inst|count[5] ; register:q_regs[20].reg_q|o_d              ; i_clk      ; i_clk    ; None                        ; None                      ; 1.859 ns                ;
; N/A                                     ; 490.20 MHz ( period = 2.040 ns )                    ; counter:counter_inst|count[5] ; register:q_regs[23].reg_q|o_d              ; i_clk      ; i_clk    ; None                        ; None                      ; 1.859 ns                ;
; N/A                                     ; 491.40 MHz ( period = 2.035 ns )                    ; counter:counter_inst|count[1] ; register:q_regs[5].reg_q|o_d               ; i_clk      ; i_clk    ; None                        ; None                      ; 1.854 ns                ;
; N/A                                     ; 491.40 MHz ( period = 2.035 ns )                    ; counter:counter_inst|count[1] ; register:q_regs[8].reg_q|o_d               ; i_clk      ; i_clk    ; None                        ; None                      ; 1.854 ns                ;
; N/A                                     ; 491.40 MHz ( period = 2.035 ns )                    ; counter:counter_inst|count[1] ; register:q_regs[11].reg_q|o_d              ; i_clk      ; i_clk    ; None                        ; None                      ; 1.854 ns                ;
; N/A                                     ; 491.40 MHz ( period = 2.035 ns )                    ; counter:counter_inst|count[1] ; register:q_regs[14].reg_q|o_d              ; i_clk      ; i_clk    ; None                        ; None                      ; 1.854 ns                ;
; N/A                                     ; 491.40 MHz ( period = 2.035 ns )                    ; counter:counter_inst|count[1] ; register:q_regs[17].reg_q|o_d              ; i_clk      ; i_clk    ; None                        ; None                      ; 1.854 ns                ;
; N/A                                     ; 491.40 MHz ( period = 2.035 ns )                    ; counter:counter_inst|count[1] ; register:q_regs[20].reg_q|o_d              ; i_clk      ; i_clk    ; None                        ; None                      ; 1.854 ns                ;
; N/A                                     ; 491.40 MHz ( period = 2.035 ns )                    ; counter:counter_inst|count[1] ; register:q_regs[23].reg_q|o_d              ; i_clk      ; i_clk    ; None                        ; None                      ; 1.854 ns                ;
; N/A                                     ; Restricted to 500.00 MHz ( period = 2.000 ns )      ; counter:counter_inst|count[4] ; register:q_regs[7].reg_q|o_d               ; i_clk      ; i_clk    ; None                        ; None                      ; 1.777 ns                ;
; N/A                                     ; Restricted to 500.00 MHz ( period = 2.000 ns )      ; counter:counter_inst|count[4] ; register:q_regs[10].reg_q|o_d              ; i_clk      ; i_clk    ; None                        ; None                      ; 1.777 ns                ;
; N/A                                     ; Restricted to 500.00 MHz ( period = 2.000 ns )      ; counter:counter_inst|count[4] ; register:q_regs[13].reg_q|o_d              ; i_clk      ; i_clk    ; None                        ; None                      ; 1.777 ns                ;
; N/A                                     ; Restricted to 500.00 MHz ( period = 2.000 ns )      ; counter:counter_inst|count[4] ; register:q_regs[16].reg_q|o_d              ; i_clk      ; i_clk    ; None                        ; None                      ; 1.777 ns                ;
; N/A                                     ; Restricted to 500.00 MHz ( period = 2.000 ns )      ; counter:counter_inst|count[4] ; register:q_regs[19].reg_q|o_d              ; i_clk      ; i_clk    ; None                        ; None                      ; 1.777 ns                ;
; N/A                                     ; Restricted to 500.00 MHz ( period = 2.000 ns )      ; counter:counter_inst|count[4] ; register:q_regs[22].reg_q|o_d              ; i_clk      ; i_clk    ; None                        ; None                      ; 1.777 ns                ;
; N/A                                     ; Restricted to 500.00 MHz ( period = 2.000 ns )      ; counter:counter_inst|count[4] ; register:q_regs[6].reg_q|o_d               ; i_clk      ; i_clk    ; None                        ; None                      ; 1.773 ns                ;
; N/A                                     ; Restricted to 500.00 MHz ( period = 2.000 ns )      ; counter:counter_inst|count[4] ; register:q_regs[9].reg_q|o_d               ; i_clk      ; i_clk    ; None                        ; None                      ; 1.773 ns                ;
; N/A                                     ; Restricted to 500.00 MHz ( period = 2.000 ns )      ; counter:counter_inst|count[4] ; register:q_regs[12].reg_q|o_d              ; i_clk      ; i_clk    ; None                        ; None                      ; 1.773 ns                ;
; N/A                                     ; Restricted to 500.00 MHz ( period = 2.000 ns )      ; counter:counter_inst|count[4] ; register:q_regs[15].reg_q|o_d              ; i_clk      ; i_clk    ; None                        ; None                      ; 1.773 ns                ;
; N/A                                     ; Restricted to 500.00 MHz ( period = 2.000 ns )      ; counter:counter_inst|count[4] ; register:q_regs[18].reg_q|o_d              ; i_clk      ; i_clk    ; None                        ; None                      ; 1.773 ns                ;
; N/A                                     ; Restricted to 500.00 MHz ( period = 2.000 ns )      ; counter:counter_inst|count[4] ; register:q_regs[21].reg_q|o_d              ; i_clk      ; i_clk    ; None                        ; None                      ; 1.773 ns                ;
; N/A                                     ; Restricted to 500.00 MHz ( period = 2.000 ns )      ; counter:counter_inst|count[3] ; register:q_regs[7].reg_q|o_d               ; i_clk      ; i_clk    ; None                        ; None                      ; 1.773 ns                ;
; N/A                                     ; Restricted to 500.00 MHz ( period = 2.000 ns )      ; counter:counter_inst|count[3] ; register:q_regs[10].reg_q|o_d              ; i_clk      ; i_clk    ; None                        ; None                      ; 1.773 ns                ;
; N/A                                     ; Restricted to 500.00 MHz ( period = 2.000 ns )      ; counter:counter_inst|count[3] ; register:q_regs[13].reg_q|o_d              ; i_clk      ; i_clk    ; None                        ; None                      ; 1.773 ns                ;
; N/A                                     ; Restricted to 500.00 MHz ( period = 2.000 ns )      ; counter:counter_inst|count[3] ; register:q_regs[16].reg_q|o_d              ; i_clk      ; i_clk    ; None                        ; None                      ; 1.773 ns                ;
; N/A                                     ; Restricted to 500.00 MHz ( period = 2.000 ns )      ; counter:counter_inst|count[3] ; register:q_regs[19].reg_q|o_d              ; i_clk      ; i_clk    ; None                        ; None                      ; 1.773 ns                ;
; N/A                                     ; Restricted to 500.00 MHz ( period = 2.000 ns )      ; counter:counter_inst|count[3] ; register:q_regs[22].reg_q|o_d              ; i_clk      ; i_clk    ; None                        ; None                      ; 1.773 ns                ;
; N/A                                     ; Restricted to 500.00 MHz ( period = 2.000 ns )      ; counter:counter_inst|count[3] ; register:q_regs[6].reg_q|o_d               ; i_clk      ; i_clk    ; None                        ; None                      ; 1.769 ns                ;
; N/A                                     ; Restricted to 500.00 MHz ( period = 2.000 ns )      ; counter:counter_inst|count[3] ; register:q_regs[9].reg_q|o_d               ; i_clk      ; i_clk    ; None                        ; None                      ; 1.769 ns                ;
; N/A                                     ; Restricted to 500.00 MHz ( period = 2.000 ns )      ; counter:counter_inst|count[3] ; register:q_regs[12].reg_q|o_d              ; i_clk      ; i_clk    ; None                        ; None                      ; 1.769 ns                ;
; N/A                                     ; Restricted to 500.00 MHz ( period = 2.000 ns )      ; counter:counter_inst|count[3] ; register:q_regs[15].reg_q|o_d              ; i_clk      ; i_clk    ; None                        ; None                      ; 1.769 ns                ;
; N/A                                     ; Restricted to 500.00 MHz ( period = 2.000 ns )      ; counter:counter_inst|count[3] ; register:q_regs[18].reg_q|o_d              ; i_clk      ; i_clk    ; None                        ; None                      ; 1.769 ns                ;
; N/A                                     ; Restricted to 500.00 MHz ( period = 2.000 ns )      ; counter:counter_inst|count[3] ; register:q_regs[21].reg_q|o_d              ; i_clk      ; i_clk    ; None                        ; None                      ; 1.769 ns                ;
; N/A                                     ; Restricted to 500.00 MHz ( period = 2.000 ns )      ; counter:counter_inst|count[4] ; register:q_regs[5].reg_q|o_d               ; i_clk      ; i_clk    ; None                        ; None                      ; 1.762 ns                ;
; N/A                                     ; Restricted to 500.00 MHz ( period = 2.000 ns )      ; counter:counter_inst|count[4] ; register:q_regs[8].reg_q|o_d               ; i_clk      ; i_clk    ; None                        ; None                      ; 1.762 ns                ;
; N/A                                     ; Restricted to 500.00 MHz ( period = 2.000 ns )      ; counter:counter_inst|count[4] ; register:q_regs[11].reg_q|o_d              ; i_clk      ; i_clk    ; None                        ; None                      ; 1.762 ns                ;
; N/A                                     ; Restricted to 500.00 MHz ( period = 2.000 ns )      ; counter:counter_inst|count[4] ; register:q_regs[14].reg_q|o_d              ; i_clk      ; i_clk    ; None                        ; None                      ; 1.762 ns                ;
; N/A                                     ; Restricted to 500.00 MHz ( period = 2.000 ns )      ; counter:counter_inst|count[4] ; register:q_regs[17].reg_q|o_d              ; i_clk      ; i_clk    ; None                        ; None                      ; 1.762 ns                ;
; N/A                                     ; Restricted to 500.00 MHz ( period = 2.000 ns )      ; counter:counter_inst|count[4] ; register:q_regs[20].reg_q|o_d              ; i_clk      ; i_clk    ; None                        ; None                      ; 1.762 ns                ;
; N/A                                     ; Restricted to 500.00 MHz ( period = 2.000 ns )      ; counter:counter_inst|count[4] ; register:q_regs[23].reg_q|o_d              ; i_clk      ; i_clk    ; None                        ; None                      ; 1.762 ns                ;
; N/A                                     ; Restricted to 500.00 MHz ( period = 2.000 ns )      ; counter:counter_inst|count[3] ; register:q_regs[5].reg_q|o_d               ; i_clk      ; i_clk    ; None                        ; None                      ; 1.758 ns                ;
; N/A                                     ; Restricted to 500.00 MHz ( period = 2.000 ns )      ; counter:counter_inst|count[3] ; register:q_regs[8].reg_q|o_d               ; i_clk      ; i_clk    ; None                        ; None                      ; 1.758 ns                ;
; N/A                                     ; Restricted to 500.00 MHz ( period = 2.000 ns )      ; counter:counter_inst|count[3] ; register:q_regs[11].reg_q|o_d              ; i_clk      ; i_clk    ; None                        ; None                      ; 1.758 ns                ;
; N/A                                     ; Restricted to 500.00 MHz ( period = 2.000 ns )      ; counter:counter_inst|count[3] ; register:q_regs[14].reg_q|o_d              ; i_clk      ; i_clk    ; None                        ; None                      ; 1.758 ns                ;
; N/A                                     ; Restricted to 500.00 MHz ( period = 2.000 ns )      ; counter:counter_inst|count[3] ; register:q_regs[17].reg_q|o_d              ; i_clk      ; i_clk    ; None                        ; None                      ; 1.758 ns                ;
; N/A                                     ; Restricted to 500.00 MHz ( period = 2.000 ns )      ; counter:counter_inst|count[3] ; register:q_regs[20].reg_q|o_d              ; i_clk      ; i_clk    ; None                        ; None                      ; 1.758 ns                ;
; N/A                                     ; Restricted to 500.00 MHz ( period = 2.000 ns )      ; counter:counter_inst|count[3] ; register:q_regs[23].reg_q|o_d              ; i_clk      ; i_clk    ; None                        ; None                      ; 1.758 ns                ;
; N/A                                     ; Restricted to 500.00 MHz ( period = 2.000 ns )      ; counter:counter_inst|count[0] ; register:q_regs[0].reg_q|o_d               ; i_clk      ; i_clk    ; None                        ; None                      ; 1.739 ns                ;
; N/A                                     ; Restricted to 500.00 MHz ( period = 2.000 ns )      ; counter:counter_inst|count[0] ; register:q_regs[1].reg_q|o_d               ; i_clk      ; i_clk    ; None                        ; None                      ; 1.739 ns                ;
; N/A                                     ; Restricted to 500.00 MHz ( period = 2.000 ns )      ; counter:counter_inst|count[0] ; register:q_regs[2].reg_q|o_d               ; i_clk      ; i_clk    ; None                        ; None                      ; 1.739 ns                ;
; N/A                                     ; Restricted to 500.00 MHz ( period = 2.000 ns )      ; counter:counter_inst|count[0] ; register:q_regs[3].reg_q|o_d               ; i_clk      ; i_clk    ; None                        ; None                      ; 1.739 ns                ;
; N/A                                     ; Restricted to 500.00 MHz ( period = 2.000 ns )      ; counter:counter_inst|count[0] ; register:q_regs[4].reg_q|o_d               ; i_clk      ; i_clk    ; None                        ; None                      ; 1.739 ns                ;
; N/A                                     ; Restricted to 500.00 MHz ( period = 2.000 ns )      ; counter:counter_inst|count[6] ; register:q_regs[0].reg_q|o_d               ; i_clk      ; i_clk    ; None                        ; None                      ; 1.732 ns                ;
; N/A                                     ; Restricted to 500.00 MHz ( period = 2.000 ns )      ; counter:counter_inst|count[6] ; register:q_regs[1].reg_q|o_d               ; i_clk      ; i_clk    ; None                        ; None                      ; 1.732 ns                ;
; N/A                                     ; Restricted to 500.00 MHz ( period = 2.000 ns )      ; counter:counter_inst|count[6] ; register:q_regs[2].reg_q|o_d               ; i_clk      ; i_clk    ; None                        ; None                      ; 1.732 ns                ;
; N/A                                     ; Restricted to 500.00 MHz ( period = 2.000 ns )      ; counter:counter_inst|count[6] ; register:q_regs[3].reg_q|o_d               ; i_clk      ; i_clk    ; None                        ; None                      ; 1.732 ns                ;
; N/A                                     ; Restricted to 500.00 MHz ( period = 2.000 ns )      ; counter:counter_inst|count[6] ; register:q_regs[4].reg_q|o_d               ; i_clk      ; i_clk    ; None                        ; None                      ; 1.732 ns                ;
; N/A                                     ; Restricted to 500.00 MHz ( period = 2.000 ns )      ; sck_reg                       ; shift_register:shift_register_inst|q[7][2] ; i_clk      ; i_clk    ; None                        ; None                      ; 1.665 ns                ;
; N/A                                     ; Restricted to 500.00 MHz ( period = 2.000 ns )      ; sck_reg                       ; shift_register:shift_register_inst|q[6][2] ; i_clk      ; i_clk    ; None                        ; None                      ; 1.665 ns                ;
; N/A                                     ; Restricted to 500.00 MHz ( period = 2.000 ns )      ; sck_reg                       ; shift_register:shift_register_inst|q[5][2] ; i_clk      ; i_clk    ; None                        ; None                      ; 1.665 ns                ;
; N/A                                     ; Restricted to 500.00 MHz ( period = 2.000 ns )      ; sck_reg                       ; shift_register:shift_register_inst|q[4][2] ; i_clk      ; i_clk    ; None                        ; None                      ; 1.665 ns                ;
; N/A                                     ; Restricted to 500.00 MHz ( period = 2.000 ns )      ; sck_reg                       ; shift_register:shift_register_inst|q[3][2] ; i_clk      ; i_clk    ; None                        ; None                      ; 1.665 ns                ;
; N/A                                     ; Restricted to 500.00 MHz ( period = 2.000 ns )      ; sck_reg                       ; shift_register:shift_register_inst|q[2][2] ; i_clk      ; i_clk    ; None                        ; None                      ; 1.665 ns                ;
; N/A                                     ; Restricted to 500.00 MHz ( period = 2.000 ns )      ; sck_reg                       ; shift_register:shift_register_inst|q[1][2] ; i_clk      ; i_clk    ; None                        ; None                      ; 1.665 ns                ;
; N/A                                     ; Restricted to 500.00 MHz ( period = 2.000 ns )      ; sck_reg                       ; shift_register:shift_register_inst|q[0][2] ; i_clk      ; i_clk    ; None                        ; None                      ; 1.665 ns                ;
; N/A                                     ; Restricted to 500.00 MHz ( period = 2.000 ns )      ; counter:counter_inst|count[7] ; register:q_regs[0].reg_q|o_d               ; i_clk      ; i_clk    ; None                        ; None                      ; 1.629 ns                ;
; N/A                                     ; Restricted to 500.00 MHz ( period = 2.000 ns )      ; counter:counter_inst|count[7] ; register:q_regs[1].reg_q|o_d               ; i_clk      ; i_clk    ; None                        ; None                      ; 1.629 ns                ;
; N/A                                     ; Restricted to 500.00 MHz ( period = 2.000 ns )      ; counter:counter_inst|count[7] ; register:q_regs[2].reg_q|o_d               ; i_clk      ; i_clk    ; None                        ; None                      ; 1.629 ns                ;
; N/A                                     ; Restricted to 500.00 MHz ( period = 2.000 ns )      ; counter:counter_inst|count[7] ; register:q_regs[3].reg_q|o_d               ; i_clk      ; i_clk    ; None                        ; None                      ; 1.629 ns                ;
; N/A                                     ; Restricted to 500.00 MHz ( period = 2.000 ns )      ; counter:counter_inst|count[7] ; register:q_regs[4].reg_q|o_d               ; i_clk      ; i_clk    ; None                        ; None                      ; 1.629 ns                ;
; N/A                                     ; Restricted to 500.00 MHz ( period = 2.000 ns )      ; counter:counter_inst|count[2] ; register:q_regs[7].reg_q|o_d               ; i_clk      ; i_clk    ; None                        ; None                      ; 1.632 ns                ;
; N/A                                     ; Restricted to 500.00 MHz ( period = 2.000 ns )      ; counter:counter_inst|count[2] ; register:q_regs[10].reg_q|o_d              ; i_clk      ; i_clk    ; None                        ; None                      ; 1.632 ns                ;
; N/A                                     ; Restricted to 500.00 MHz ( period = 2.000 ns )      ; counter:counter_inst|count[2] ; register:q_regs[13].reg_q|o_d              ; i_clk      ; i_clk    ; None                        ; None                      ; 1.632 ns                ;
; N/A                                     ; Restricted to 500.00 MHz ( period = 2.000 ns )      ; counter:counter_inst|count[2] ; register:q_regs[16].reg_q|o_d              ; i_clk      ; i_clk    ; None                        ; None                      ; 1.632 ns                ;
; N/A                                     ; Restricted to 500.00 MHz ( period = 2.000 ns )      ; counter:counter_inst|count[2] ; register:q_regs[19].reg_q|o_d              ; i_clk      ; i_clk    ; None                        ; None                      ; 1.632 ns                ;
; N/A                                     ; Restricted to 500.00 MHz ( period = 2.000 ns )      ; counter:counter_inst|count[2] ; register:q_regs[22].reg_q|o_d              ; i_clk      ; i_clk    ; None                        ; None                      ; 1.632 ns                ;
; N/A                                     ; Restricted to 500.00 MHz ( period = 2.000 ns )      ; counter:counter_inst|count[2] ; register:q_regs[6].reg_q|o_d               ; i_clk      ; i_clk    ; None                        ; None                      ; 1.628 ns                ;
; N/A                                     ; Restricted to 500.00 MHz ( period = 2.000 ns )      ; counter:counter_inst|count[2] ; register:q_regs[9].reg_q|o_d               ; i_clk      ; i_clk    ; None                        ; None                      ; 1.628 ns                ;
; N/A                                     ; Restricted to 500.00 MHz ( period = 2.000 ns )      ; counter:counter_inst|count[2] ; register:q_regs[12].reg_q|o_d              ; i_clk      ; i_clk    ; None                        ; None                      ; 1.628 ns                ;
; N/A                                     ; Restricted to 500.00 MHz ( period = 2.000 ns )      ; counter:counter_inst|count[2] ; register:q_regs[15].reg_q|o_d              ; i_clk      ; i_clk    ; None                        ; None                      ; 1.628 ns                ;
; N/A                                     ; Restricted to 500.00 MHz ( period = 2.000 ns )      ; counter:counter_inst|count[2] ; register:q_regs[18].reg_q|o_d              ; i_clk      ; i_clk    ; None                        ; None                      ; 1.628 ns                ;
; N/A                                     ; Restricted to 500.00 MHz ( period = 2.000 ns )      ; counter:counter_inst|count[2] ; register:q_regs[21].reg_q|o_d              ; i_clk      ; i_clk    ; None                        ; None                      ; 1.628 ns                ;
; N/A                                     ; Restricted to 500.00 MHz ( period = 2.000 ns )      ; counter:counter_inst|count[2] ; register:q_regs[5].reg_q|o_d               ; i_clk      ; i_clk    ; None                        ; None                      ; 1.617 ns                ;
; N/A                                     ; Restricted to 500.00 MHz ( period = 2.000 ns )      ; counter:counter_inst|count[2] ; register:q_regs[8].reg_q|o_d               ; i_clk      ; i_clk    ; None                        ; None                      ; 1.617 ns                ;
; N/A                                     ; Restricted to 500.00 MHz ( period = 2.000 ns )      ; counter:counter_inst|count[2] ; register:q_regs[11].reg_q|o_d              ; i_clk      ; i_clk    ; None                        ; None                      ; 1.617 ns                ;
; N/A                                     ; Restricted to 500.00 MHz ( period = 2.000 ns )      ; counter:counter_inst|count[2] ; register:q_regs[14].reg_q|o_d              ; i_clk      ; i_clk    ; None                        ; None                      ; 1.617 ns                ;
; N/A                                     ; Restricted to 500.00 MHz ( period = 2.000 ns )      ; counter:counter_inst|count[2] ; register:q_regs[17].reg_q|o_d              ; i_clk      ; i_clk    ; None                        ; None                      ; 1.617 ns                ;
; N/A                                     ; Restricted to 500.00 MHz ( period = 2.000 ns )      ; counter:counter_inst|count[2] ; register:q_regs[20].reg_q|o_d              ; i_clk      ; i_clk    ; None                        ; None                      ; 1.617 ns                ;
; N/A                                     ; Restricted to 500.00 MHz ( period = 2.000 ns )      ; counter:counter_inst|count[2] ; register:q_regs[23].reg_q|o_d              ; i_clk      ; i_clk    ; None                        ; None                      ; 1.617 ns                ;
; N/A                                     ; Restricted to 500.00 MHz ( period = 2.000 ns )      ; counter:counter_inst|count[5] ; register:q_regs[0].reg_q|o_d               ; i_clk      ; i_clk    ; None                        ; None                      ; 1.586 ns                ;
; N/A                                     ; Restricted to 500.00 MHz ( period = 2.000 ns )      ; counter:counter_inst|count[5] ; register:q_regs[1].reg_q|o_d               ; i_clk      ; i_clk    ; None                        ; None                      ; 1.586 ns                ;
; N/A                                     ; Restricted to 500.00 MHz ( period = 2.000 ns )      ; counter:counter_inst|count[5] ; register:q_regs[2].reg_q|o_d               ; i_clk      ; i_clk    ; None                        ; None                      ; 1.586 ns                ;
; N/A                                     ; Restricted to 500.00 MHz ( period = 2.000 ns )      ; counter:counter_inst|count[5] ; register:q_regs[3].reg_q|o_d               ; i_clk      ; i_clk    ; None                        ; None                      ; 1.586 ns                ;
; N/A                                     ; Restricted to 500.00 MHz ( period = 2.000 ns )      ; counter:counter_inst|count[5] ; register:q_regs[4].reg_q|o_d               ; i_clk      ; i_clk    ; None                        ; None                      ; 1.586 ns                ;
; N/A                                     ; Restricted to 500.00 MHz ( period = 2.000 ns )      ; counter:counter_inst|count[1] ; register:q_regs[0].reg_q|o_d               ; i_clk      ; i_clk    ; None                        ; None                      ; 1.581 ns                ;
; N/A                                     ; Restricted to 500.00 MHz ( period = 2.000 ns )      ; counter:counter_inst|count[1] ; register:q_regs[1].reg_q|o_d               ; i_clk      ; i_clk    ; None                        ; None                      ; 1.581 ns                ;
; N/A                                     ; Restricted to 500.00 MHz ( period = 2.000 ns )      ; counter:counter_inst|count[1] ; register:q_regs[2].reg_q|o_d               ; i_clk      ; i_clk    ; None                        ; None                      ; 1.581 ns                ;
; N/A                                     ; Restricted to 500.00 MHz ( period = 2.000 ns )      ; counter:counter_inst|count[1] ; register:q_regs[3].reg_q|o_d               ; i_clk      ; i_clk    ; None                        ; None                      ; 1.581 ns                ;
; N/A                                     ; Restricted to 500.00 MHz ( period = 2.000 ns )      ; counter:counter_inst|count[1] ; register:q_regs[4].reg_q|o_d               ; i_clk      ; i_clk    ; None                        ; None                      ; 1.581 ns                ;
; N/A                                     ; Restricted to 500.00 MHz ( period = 2.000 ns )      ; sck_reg                       ; counter:counter_inst|count[1]              ; i_clk      ; i_clk    ; None                        ; None                      ; 1.510 ns                ;
; N/A                                     ; Restricted to 500.00 MHz ( period = 2.000 ns )      ; sck_reg                       ; counter:counter_inst|count[0]              ; i_clk      ; i_clk    ; None                        ; None                      ; 1.510 ns                ;
; N/A                                     ; Restricted to 500.00 MHz ( period = 2.000 ns )      ; sck_reg                       ; counter:counter_inst|count[2]              ; i_clk      ; i_clk    ; None                        ; None                      ; 1.510 ns                ;
; N/A                                     ; Restricted to 500.00 MHz ( period = 2.000 ns )      ; sck_reg                       ; counter:counter_inst|count[3]              ; i_clk      ; i_clk    ; None                        ; None                      ; 1.510 ns                ;
; N/A                                     ; Restricted to 500.00 MHz ( period = 2.000 ns )      ; sck_reg                       ; counter:counter_inst|count[4]              ; i_clk      ; i_clk    ; None                        ; None                      ; 1.510 ns                ;
; N/A                                     ; Restricted to 500.00 MHz ( period = 2.000 ns )      ; sck_reg                       ; counter:counter_inst|count[5]              ; i_clk      ; i_clk    ; None                        ; None                      ; 1.510 ns                ;
; N/A                                     ; Restricted to 500.00 MHz ( period = 2.000 ns )      ; sck_reg                       ; counter:counter_inst|count[6]              ; i_clk      ; i_clk    ; None                        ; None                      ; 1.510 ns                ;
; N/A                                     ; Restricted to 500.00 MHz ( period = 2.000 ns )      ; sck_reg                       ; counter:counter_inst|count[7]              ; i_clk      ; i_clk    ; None                        ; None                      ; 1.510 ns                ;
; N/A                                     ; Restricted to 500.00 MHz ( period = 2.000 ns )      ; sck_reg                       ; shift_register:shift_register_inst|q[7][0] ; i_clk      ; i_clk    ; None                        ; None                      ; 1.510 ns                ;
; N/A                                     ; Restricted to 500.00 MHz ( period = 2.000 ns )      ; counter:counter_inst|count[4] ; register:q_regs[0].reg_q|o_d               ; i_clk      ; i_clk    ; None                        ; None                      ; 1.489 ns                ;
; N/A                                     ; Restricted to 500.00 MHz ( period = 2.000 ns )      ; counter:counter_inst|count[4] ; register:q_regs[1].reg_q|o_d               ; i_clk      ; i_clk    ; None                        ; None                      ; 1.489 ns                ;
; N/A                                     ; Restricted to 500.00 MHz ( period = 2.000 ns )      ; counter:counter_inst|count[4] ; register:q_regs[2].reg_q|o_d               ; i_clk      ; i_clk    ; None                        ; None                      ; 1.489 ns                ;
; N/A                                     ; Restricted to 500.00 MHz ( period = 2.000 ns )      ; counter:counter_inst|count[4] ; register:q_regs[3].reg_q|o_d               ; i_clk      ; i_clk    ; None                        ; None                      ; 1.489 ns                ;
; N/A                                     ; Restricted to 500.00 MHz ( period = 2.000 ns )      ; counter:counter_inst|count[4] ; register:q_regs[4].reg_q|o_d               ; i_clk      ; i_clk    ; None                        ; None                      ; 1.489 ns                ;
; N/A                                     ; Restricted to 500.00 MHz ( period = 2.000 ns )      ; counter:counter_inst|count[3] ; register:q_regs[3].reg_q|o_d               ; i_clk      ; i_clk    ; None                        ; None                      ; 1.485 ns                ;
; Timing analysis restricted to 200 rows. ; To change the limit use Settings (Assignments menu) ;                               ;                                            ;            ;          ;                             ;                           ;                         ;
+-----------------------------------------+-----------------------------------------------------+-------------------------------+--------------------------------------------+------------+----------+-----------------------------+---------------------------+-------------------------+


+-------------------------------------------------------------------------------------------------------+
; tsu                                                                                                   ;
+-------+--------------+------------+-----------+--------------------------------------------+----------+
; Slack ; Required tsu ; Actual tsu ; From      ; To                                         ; To Clock ;
+-------+--------------+------------+-----------+--------------------------------------------+----------+
; N/A   ; None         ; 4.954 ns   ; i_sck     ; shift_register:shift_register_inst|q[7][2] ; i_clk    ;
; N/A   ; None         ; 4.954 ns   ; i_sck     ; shift_register:shift_register_inst|q[6][2] ; i_clk    ;
; N/A   ; None         ; 4.954 ns   ; i_sck     ; shift_register:shift_register_inst|q[5][2] ; i_clk    ;
; N/A   ; None         ; 4.954 ns   ; i_sck     ; shift_register:shift_register_inst|q[4][2] ; i_clk    ;
; N/A   ; None         ; 4.954 ns   ; i_sck     ; shift_register:shift_register_inst|q[3][2] ; i_clk    ;
; N/A   ; None         ; 4.954 ns   ; i_sck     ; shift_register:shift_register_inst|q[2][2] ; i_clk    ;
; N/A   ; None         ; 4.954 ns   ; i_sck     ; shift_register:shift_register_inst|q[1][2] ; i_clk    ;
; N/A   ; None         ; 4.954 ns   ; i_sck     ; shift_register:shift_register_inst|q[0][2] ; i_clk    ;
; N/A   ; None         ; 4.802 ns   ; i_sck     ; counter:counter_inst|count[1]              ; i_clk    ;
; N/A   ; None         ; 4.802 ns   ; i_sck     ; counter:counter_inst|count[0]              ; i_clk    ;
; N/A   ; None         ; 4.802 ns   ; i_sck     ; counter:counter_inst|count[2]              ; i_clk    ;
; N/A   ; None         ; 4.802 ns   ; i_sck     ; counter:counter_inst|count[3]              ; i_clk    ;
; N/A   ; None         ; 4.802 ns   ; i_sck     ; counter:counter_inst|count[4]              ; i_clk    ;
; N/A   ; None         ; 4.802 ns   ; i_sck     ; counter:counter_inst|count[5]              ; i_clk    ;
; N/A   ; None         ; 4.802 ns   ; i_sck     ; counter:counter_inst|count[6]              ; i_clk    ;
; N/A   ; None         ; 4.802 ns   ; i_sck     ; counter:counter_inst|count[7]              ; i_clk    ;
; N/A   ; None         ; 4.802 ns   ; i_sck     ; shift_register:shift_register_inst|q[7][0] ; i_clk    ;
; N/A   ; None         ; 4.601 ns   ; i_sck     ; shift_register:shift_register_inst|q[7][1] ; i_clk    ;
; N/A   ; None         ; 4.601 ns   ; i_sck     ; shift_register:shift_register_inst|q[5][1] ; i_clk    ;
; N/A   ; None         ; 4.601 ns   ; i_sck     ; shift_register:shift_register_inst|q[4][1] ; i_clk    ;
; N/A   ; None         ; 4.601 ns   ; i_sck     ; shift_register:shift_register_inst|q[3][1] ; i_clk    ;
; N/A   ; None         ; 4.601 ns   ; i_sck     ; shift_register:shift_register_inst|q[2][1] ; i_clk    ;
; N/A   ; None         ; 4.601 ns   ; i_sck     ; shift_register:shift_register_inst|q[1][1] ; i_clk    ;
; N/A   ; None         ; 4.601 ns   ; i_sck     ; shift_register:shift_register_inst|q[0][1] ; i_clk    ;
; N/A   ; None         ; 4.511 ns   ; i_sck     ; shift_register:shift_register_inst|q[6][0] ; i_clk    ;
; N/A   ; None         ; 4.511 ns   ; i_sck     ; shift_register:shift_register_inst|q[5][0] ; i_clk    ;
; N/A   ; None         ; 4.511 ns   ; i_sck     ; shift_register:shift_register_inst|q[4][0] ; i_clk    ;
; N/A   ; None         ; 4.511 ns   ; i_sck     ; shift_register:shift_register_inst|q[3][0] ; i_clk    ;
; N/A   ; None         ; 4.511 ns   ; i_sck     ; shift_register:shift_register_inst|q[2][0] ; i_clk    ;
; N/A   ; None         ; 4.511 ns   ; i_sck     ; shift_register:shift_register_inst|q[1][0] ; i_clk    ;
; N/A   ; None         ; 4.511 ns   ; i_sck     ; shift_register:shift_register_inst|q[0][0] ; i_clk    ;
; N/A   ; None         ; 4.511 ns   ; i_sck     ; shift_register:shift_register_inst|q[6][1] ; i_clk    ;
; N/A   ; None         ; 3.432 ns   ; i_sck     ; sck_reg                                    ; i_clk    ;
; N/A   ; None         ; 3.228 ns   ; i_mosi[0] ; shift_register:shift_register_inst|q[0][0] ; i_clk    ;
; N/A   ; None         ; 3.127 ns   ; i_mosi[0] ; register:miso_regs[0].reg_miso|o_d         ; i_clk    ;
; N/A   ; None         ; 2.720 ns   ; i_mosi[2] ; shift_register:shift_register_inst|q[0][2] ; i_clk    ;
; N/A   ; None         ; 2.720 ns   ; i_mosi[2] ; register:miso_regs[2].reg_miso|o_d         ; i_clk    ;
; N/A   ; None         ; 2.469 ns   ; i_mosi[1] ; shift_register:shift_register_inst|q[0][1] ; i_clk    ;
; N/A   ; None         ; 2.368 ns   ; i_mosi[1] ; register:miso_regs[1].reg_miso|o_d         ; i_clk    ;
+-------+--------------+------------+-----------+--------------------------------------------+----------+


+--------------------------------------------------------------------------------------------------+
; tco                                                                                              ;
+-------+--------------+------------+------------------------------------+------------+------------+
; Slack ; Required tco ; Actual tco ; From                               ; To         ; From Clock ;
+-------+--------------+------------+------------------------------------+------------+------------+
; N/A   ; None         ; 6.889 ns   ; register:q_regs[13].reg_q|o_d      ; o_data[13] ; i_clk      ;
; N/A   ; None         ; 6.473 ns   ; register:q_regs[12].reg_q|o_d      ; o_data[12] ; i_clk      ;
; N/A   ; None         ; 5.798 ns   ; register:q_regs[2].reg_q|o_d       ; o_data[2]  ; i_clk      ;
; N/A   ; None         ; 5.750 ns   ; register:q_regs[14].reg_q|o_d      ; o_data[14] ; i_clk      ;
; N/A   ; None         ; 5.649 ns   ; register:q_regs[8].reg_q|o_d       ; o_data[8]  ; i_clk      ;
; N/A   ; None         ; 5.569 ns   ; register:q_regs[10].reg_q|o_d      ; o_data[10] ; i_clk      ;
; N/A   ; None         ; 5.496 ns   ; register:reg_valid|o_d             ; o_valid    ; i_clk      ;
; N/A   ; None         ; 5.395 ns   ; register:q_regs[9].reg_q|o_d       ; o_data[9]  ; i_clk      ;
; N/A   ; None         ; 5.379 ns   ; register:q_regs[16].reg_q|o_d      ; o_data[16] ; i_clk      ;
; N/A   ; None         ; 5.359 ns   ; register:miso_regs[1].reg_miso|o_d ; o_miso[1]  ; i_clk      ;
; N/A   ; None         ; 5.314 ns   ; register:q_regs[21].reg_q|o_d      ; o_data[21] ; i_clk      ;
; N/A   ; None         ; 5.288 ns   ; register:q_regs[19].reg_q|o_d      ; o_data[19] ; i_clk      ;
; N/A   ; None         ; 5.276 ns   ; register:miso_regs[0].reg_miso|o_d ; o_miso[0]  ; i_clk      ;
; N/A   ; None         ; 5.252 ns   ; register:q_regs[1].reg_q|o_d       ; o_data[1]  ; i_clk      ;
; N/A   ; None         ; 5.249 ns   ; register:q_regs[0].reg_q|o_d       ; o_data[0]  ; i_clk      ;
; N/A   ; None         ; 5.237 ns   ; register:q_regs[7].reg_q|o_d       ; o_data[7]  ; i_clk      ;
; N/A   ; None         ; 5.217 ns   ; register:q_regs[18].reg_q|o_d      ; o_data[18] ; i_clk      ;
; N/A   ; None         ; 5.213 ns   ; register:q_regs[22].reg_q|o_d      ; o_data[22] ; i_clk      ;
; N/A   ; None         ; 5.212 ns   ; register:q_regs[15].reg_q|o_d      ; o_data[15] ; i_clk      ;
; N/A   ; None         ; 5.198 ns   ; register:q_regs[23].reg_q|o_d      ; o_data[23] ; i_clk      ;
; N/A   ; None         ; 5.197 ns   ; register:miso_regs[2].reg_miso|o_d ; o_miso[2]  ; i_clk      ;
; N/A   ; None         ; 5.102 ns   ; register:q_regs[11].reg_q|o_d      ; o_data[11] ; i_clk      ;
; N/A   ; None         ; 5.074 ns   ; register:q_regs[4].reg_q|o_d       ; o_data[4]  ; i_clk      ;
; N/A   ; None         ; 5.050 ns   ; register:q_regs[20].reg_q|o_d      ; o_data[20] ; i_clk      ;
; N/A   ; None         ; 5.043 ns   ; register:q_regs[17].reg_q|o_d      ; o_data[17] ; i_clk      ;
; N/A   ; None         ; 5.043 ns   ; register:q_regs[5].reg_q|o_d       ; o_data[5]  ; i_clk      ;
; N/A   ; None         ; 5.031 ns   ; register:q_regs[6].reg_q|o_d       ; o_data[6]  ; i_clk      ;
; N/A   ; None         ; 5.027 ns   ; register:q_regs[3].reg_q|o_d       ; o_data[3]  ; i_clk      ;
+-------+--------------+------------+------------------------------------+------------+------------+


+-------------------------------------------------------------------------------------------------------------+
; th                                                                                                          ;
+---------------+-------------+-----------+-----------+--------------------------------------------+----------+
; Minimum Slack ; Required th ; Actual th ; From      ; To                                         ; To Clock ;
+---------------+-------------+-----------+-----------+--------------------------------------------+----------+
; N/A           ; None        ; -2.129 ns ; i_mosi[1] ; register:miso_regs[1].reg_miso|o_d         ; i_clk    ;
; N/A           ; None        ; -2.230 ns ; i_mosi[1] ; shift_register:shift_register_inst|q[0][1] ; i_clk    ;
; N/A           ; None        ; -2.481 ns ; i_mosi[2] ; shift_register:shift_register_inst|q[0][2] ; i_clk    ;
; N/A           ; None        ; -2.481 ns ; i_mosi[2] ; register:miso_regs[2].reg_miso|o_d         ; i_clk    ;
; N/A           ; None        ; -2.888 ns ; i_mosi[0] ; register:miso_regs[0].reg_miso|o_d         ; i_clk    ;
; N/A           ; None        ; -2.989 ns ; i_mosi[0] ; shift_register:shift_register_inst|q[0][0] ; i_clk    ;
; N/A           ; None        ; -3.193 ns ; i_sck     ; sck_reg                                    ; i_clk    ;
; N/A           ; None        ; -4.272 ns ; i_sck     ; shift_register:shift_register_inst|q[6][0] ; i_clk    ;
; N/A           ; None        ; -4.272 ns ; i_sck     ; shift_register:shift_register_inst|q[5][0] ; i_clk    ;
; N/A           ; None        ; -4.272 ns ; i_sck     ; shift_register:shift_register_inst|q[4][0] ; i_clk    ;
; N/A           ; None        ; -4.272 ns ; i_sck     ; shift_register:shift_register_inst|q[3][0] ; i_clk    ;
; N/A           ; None        ; -4.272 ns ; i_sck     ; shift_register:shift_register_inst|q[2][0] ; i_clk    ;
; N/A           ; None        ; -4.272 ns ; i_sck     ; shift_register:shift_register_inst|q[1][0] ; i_clk    ;
; N/A           ; None        ; -4.272 ns ; i_sck     ; shift_register:shift_register_inst|q[0][0] ; i_clk    ;
; N/A           ; None        ; -4.272 ns ; i_sck     ; shift_register:shift_register_inst|q[6][1] ; i_clk    ;
; N/A           ; None        ; -4.362 ns ; i_sck     ; shift_register:shift_register_inst|q[7][1] ; i_clk    ;
; N/A           ; None        ; -4.362 ns ; i_sck     ; shift_register:shift_register_inst|q[5][1] ; i_clk    ;
; N/A           ; None        ; -4.362 ns ; i_sck     ; shift_register:shift_register_inst|q[4][1] ; i_clk    ;
; N/A           ; None        ; -4.362 ns ; i_sck     ; shift_register:shift_register_inst|q[3][1] ; i_clk    ;
; N/A           ; None        ; -4.362 ns ; i_sck     ; shift_register:shift_register_inst|q[2][1] ; i_clk    ;
; N/A           ; None        ; -4.362 ns ; i_sck     ; shift_register:shift_register_inst|q[1][1] ; i_clk    ;
; N/A           ; None        ; -4.362 ns ; i_sck     ; shift_register:shift_register_inst|q[0][1] ; i_clk    ;
; N/A           ; None        ; -4.563 ns ; i_sck     ; counter:counter_inst|count[1]              ; i_clk    ;
; N/A           ; None        ; -4.563 ns ; i_sck     ; counter:counter_inst|count[0]              ; i_clk    ;
; N/A           ; None        ; -4.563 ns ; i_sck     ; counter:counter_inst|count[2]              ; i_clk    ;
; N/A           ; None        ; -4.563 ns ; i_sck     ; counter:counter_inst|count[3]              ; i_clk    ;
; N/A           ; None        ; -4.563 ns ; i_sck     ; counter:counter_inst|count[4]              ; i_clk    ;
; N/A           ; None        ; -4.563 ns ; i_sck     ; counter:counter_inst|count[5]              ; i_clk    ;
; N/A           ; None        ; -4.563 ns ; i_sck     ; counter:counter_inst|count[6]              ; i_clk    ;
; N/A           ; None        ; -4.563 ns ; i_sck     ; counter:counter_inst|count[7]              ; i_clk    ;
; N/A           ; None        ; -4.563 ns ; i_sck     ; shift_register:shift_register_inst|q[7][0] ; i_clk    ;
; N/A           ; None        ; -4.715 ns ; i_sck     ; shift_register:shift_register_inst|q[7][2] ; i_clk    ;
; N/A           ; None        ; -4.715 ns ; i_sck     ; shift_register:shift_register_inst|q[6][2] ; i_clk    ;
; N/A           ; None        ; -4.715 ns ; i_sck     ; shift_register:shift_register_inst|q[5][2] ; i_clk    ;
; N/A           ; None        ; -4.715 ns ; i_sck     ; shift_register:shift_register_inst|q[4][2] ; i_clk    ;
; N/A           ; None        ; -4.715 ns ; i_sck     ; shift_register:shift_register_inst|q[3][2] ; i_clk    ;
; N/A           ; None        ; -4.715 ns ; i_sck     ; shift_register:shift_register_inst|q[2][2] ; i_clk    ;
; N/A           ; None        ; -4.715 ns ; i_sck     ; shift_register:shift_register_inst|q[1][2] ; i_clk    ;
; N/A           ; None        ; -4.715 ns ; i_sck     ; shift_register:shift_register_inst|q[0][2] ; i_clk    ;
+---------------+-------------+-----------+-----------+--------------------------------------------+----------+


+--------------------------+
; Timing Analyzer Messages ;
+--------------------------+
Info: *******************************************************************
Info: Running Quartus II Classic Timing Analyzer
    Info: Version 9.1 Build 350 03/24/2010 Service Pack 2 SJ Web Edition
    Info: Processing started: Fri Apr 10 21:35:01 2026
Info: Command: quartus_tan --read_settings_files=off --write_settings_files=off laba2 -c laba2 --timing_analysis_only
Warning: Found pins functioning as undefined clocks and/or memory enables
    Info: Assuming node "i_clk" is an undefined clock
Info: Clock "i_clk" has Internal fmax of 453.93 MHz between source register "counter:counter_inst|count[0]" and destination register "register:q_regs[7].reg_q|o_d" (period= 2.203 ns)
    Info: + Longest register to register delay is 2.027 ns
        Info: 1: + IC(0.000 ns) + CELL(0.000 ns) = 0.000 ns; Loc. = LCFF_X31_Y2_N17; Fanout = 4; REG Node = 'counter:counter_inst|count[0]'
        Info: 2: + IC(0.247 ns) + CELL(0.272 ns) = 0.519 ns; Loc. = LCCOMB_X31_Y2_N30; Fanout = 1; COMB Node = 'counter:counter_inst|Equal0~0'
        Info: 3: + IC(0.196 ns) + CELL(0.053 ns) = 0.768 ns; Loc. = LCCOMB_X31_Y2_N24; Fanout = 25; COMB Node = 'counter:counter_inst|Equal0~1'
        Info: 4: + IC(0.513 ns) + CELL(0.746 ns) = 2.027 ns; Loc. = LCFF_X34_Y2_N3; Fanout = 1; REG Node = 'register:q_regs[7].reg_q|o_d'
        Info: Total cell delay = 1.071 ns ( 52.84 % )
        Info: Total interconnect delay = 0.956 ns ( 47.16 % )
    Info: - Smallest clock skew is 0.008 ns
        Info: + Shortest clock path from clock "i_clk" to destination register is 2.497 ns
            Info: 1: + IC(0.000 ns) + CELL(0.854 ns) = 0.854 ns; Loc. = PIN_N20; Fanout = 1; CLK Node = 'i_clk'
            Info: 2: + IC(0.343 ns) + CELL(0.000 ns) = 1.197 ns; Loc. = CLKCTRL_G3; Fanout = 61; COMB Node = 'i_clk~clkctrl'
            Info: 3: + IC(0.682 ns) + CELL(0.618 ns) = 2.497 ns; Loc. = LCFF_X34_Y2_N3; Fanout = 1; REG Node = 'register:q_regs[7].reg_q|o_d'
            Info: Total cell delay = 1.472 ns ( 58.95 % )
            Info: Total interconnect delay = 1.025 ns ( 41.05 % )
        Info: - Longest clock path from clock "i_clk" to source register is 2.489 ns
            Info: 1: + IC(0.000 ns) + CELL(0.854 ns) = 0.854 ns; Loc. = PIN_N20; Fanout = 1; CLK Node = 'i_clk'
            Info: 2: + IC(0.343 ns) + CELL(0.000 ns) = 1.197 ns; Loc. = CLKCTRL_G3; Fanout = 61; COMB Node = 'i_clk~clkctrl'
            Info: 3: + IC(0.674 ns) + CELL(0.618 ns) = 2.489 ns; Loc. = LCFF_X31_Y2_N17; Fanout = 4; REG Node = 'counter:counter_inst|count[0]'
            Info: Total cell delay = 1.472 ns ( 59.14 % )
            Info: Total interconnect delay = 1.017 ns ( 40.86 % )
    Info: + Micro clock to output delay of source is 0.094 ns
    Info: + Micro setup delay of destination is 0.090 ns
Info: tsu for register "shift_register:shift_register_inst|q[7][2]" (data pin = "i_sck", clock pin = "i_clk") is 4.954 ns
    Info: + Longest pin to register delay is 7.356 ns
        Info: 1: + IC(0.000 ns) + CELL(0.827 ns) = 0.827 ns; Loc. = PIN_F7; Fanout = 2; PIN Node = 'i_sck'
        Info: 2: + IC(4.748 ns) + CELL(0.357 ns) = 5.932 ns; Loc. = LCCOMB_X33_Y2_N12; Fanout = 32; COMB Node = 'enable'
        Info: 3: + IC(0.678 ns) + CELL(0.746 ns) = 7.356 ns; Loc. = LCFF_X31_Y1_N3; Fanout = 1; REG Node = 'shift_register:shift_register_inst|q[7][2]'
        Info: Total cell delay = 1.930 ns ( 26.24 % )
        Info: Total interconnect delay = 5.426 ns ( 73.76 % )
    Info: + Micro setup delay of destination is 0.090 ns
    Info: - Shortest clock path from clock "i_clk" to destination register is 2.492 ns
        Info: 1: + IC(0.000 ns) + CELL(0.854 ns) = 0.854 ns; Loc. = PIN_N20; Fanout = 1; CLK Node = 'i_clk'
        Info: 2: + IC(0.343 ns) + CELL(0.000 ns) = 1.197 ns; Loc. = CLKCTRL_G3; Fanout = 61; COMB Node = 'i_clk~clkctrl'
        Info: 3: + IC(0.677 ns) + CELL(0.618 ns) = 2.492 ns; Loc. = LCFF_X31_Y1_N3; Fanout = 1; REG Node = 'shift_register:shift_register_inst|q[7][2]'
        Info: Total cell delay = 1.472 ns ( 59.07 % )
        Info: Total interconnect delay = 1.020 ns ( 40.93 % )
Info: tco from clock "i_clk" to destination pin "o_data[13]" through register "register:q_regs[13].reg_q|o_d" is 6.889 ns
    Info: + Longest clock path from clock "i_clk" to source register is 2.497 ns
        Info: 1: + IC(0.000 ns) + CELL(0.854 ns) = 0.854 ns; Loc. = PIN_N20; Fanout = 1; CLK Node = 'i_clk'
        Info: 2: + IC(0.343 ns) + CELL(0.000 ns) = 1.197 ns; Loc. = CLKCTRL_G3; Fanout = 61; COMB Node = 'i_clk~clkctrl'
        Info: 3: + IC(0.682 ns) + CELL(0.618 ns) = 2.497 ns; Loc. = LCFF_X34_Y2_N25; Fanout = 1; REG Node = 'register:q_regs[13].reg_q|o_d'
        Info: Total cell delay = 1.472 ns ( 58.95 % )
        Info: Total interconnect delay = 1.025 ns ( 41.05 % )
    Info: + Micro clock to output delay of source is 0.094 ns
    Info: + Longest register to pin delay is 4.298 ns
        Info: 1: + IC(0.000 ns) + CELL(0.000 ns) = 0.000 ns; Loc. = LCFF_X34_Y2_N25; Fanout = 1; REG Node = 'register:q_regs[13].reg_q|o_d'
        Info: 2: + IC(2.336 ns) + CELL(1.962 ns) = 4.298 ns; Loc. = PIN_D6; Fanout = 0; PIN Node = 'o_data[13]'
        Info: Total cell delay = 1.962 ns ( 45.65 % )
        Info: Total interconnect delay = 2.336 ns ( 54.35 % )
Info: th for register "register:miso_regs[1].reg_miso|o_d" (data pin = "i_mosi[1]", clock pin = "i_clk") is -2.129 ns
    Info: + Longest clock path from clock "i_clk" to destination register is 2.497 ns
        Info: 1: + IC(0.000 ns) + CELL(0.854 ns) = 0.854 ns; Loc. = PIN_N20; Fanout = 1; CLK Node = 'i_clk'
        Info: 2: + IC(0.343 ns) + CELL(0.000 ns) = 1.197 ns; Loc. = CLKCTRL_G3; Fanout = 61; COMB Node = 'i_clk~clkctrl'
        Info: 3: + IC(0.682 ns) + CELL(0.618 ns) = 2.497 ns; Loc. = LCFF_X34_Y2_N9; Fanout = 1; REG Node = 'register:miso_regs[1].reg_miso|o_d'
        Info: Total cell delay = 1.472 ns ( 58.95 % )
        Info: Total interconnect delay = 1.025 ns ( 41.05 % )
    Info: + Micro hold delay of destination is 0.149 ns
    Info: - Shortest pin to register delay is 4.775 ns
        Info: 1: + IC(0.000 ns) + CELL(0.827 ns) = 0.827 ns; Loc. = PIN_V8; Fanout = 2; PIN Node = 'i_mosi[1]'
        Info: 2: + IC(3.740 ns) + CELL(0.053 ns) = 4.620 ns; Loc. = LCCOMB_X34_Y2_N8; Fanout = 1; COMB Node = 'register:miso_regs[1].reg_miso|o_d~feeder'
        Info: 3: + IC(0.000 ns) + CELL(0.155 ns) = 4.775 ns; Loc. = LCFF_X34_Y2_N9; Fanout = 1; REG Node = 'register:miso_regs[1].reg_miso|o_d'
        Info: Total cell delay = 1.035 ns ( 21.68 % )
        Info: Total interconnect delay = 3.740 ns ( 78.32 % )
Info: Quartus II Classic Timing Analyzer was successful. 0 errors, 1 warning
    Info: Peak virtual memory: 173 megabytes
    Info: Processing ended: Fri Apr 10 21:35:02 2026
    Info: Elapsed time: 00:00:01
    Info: Total CPU time (on all processors): 00:00:01


