Classic Timing Analyzer report for laba2
Sat Apr 04 21:00:18 2026
Quartus II Version 9.1 Build 350 03/24/2010 Service Pack 2 SJ Web Edition


---------------------
; Table of Contents ;
---------------------
  1. Legal Notice
  2. Timing Analyzer Summary
  3. Timing Analyzer Settings
  4. Clock Settings Summary
  5. Parallel Compilation
  6. Clock Setup: 'i_clk'
  7. Clock Setup: 'i_sck'
  8. tsu
  9. tco
 10. th
 11. Timing Analyzer Messages



----------------
; Legal Notice ;
----------------
Copyright (C) 1991-2010 Altera Corporation
Your use of Altera Corporation's design tools, logic functions 
and other software and tools, and its AMPP partner logic 
functions, and any output files from any of the foregoing 
(including device programming or simulation files), and any 
associated documentation or information are expressly subject 
to the terms and conditions of the Altera Program License 
Subscription Agreement, Altera MegaCore Function License 
Agreement, or other applicable license agreement, including, 
without limitation, that your use is for the sole purpose of 
programming logic devices manufactured by Altera and sold by 
Altera or its authorized distributors.  Please refer to the 
applicable agreement for further details.



+----------------------------------------------------------------------------------------------------------------------------------------------------------------------------------------------------------------------------------------+
; Timing Analyzer Summary                                                                                                                                                                                                                ;
+------------------------------+-------+---------------+------------------------------------------------+--------------------------------------------+--------------------------------------------+------------+----------+--------------+
; Type                         ; Slack ; Required Time ; Actual Time                                    ; From                                       ; To                                         ; From Clock ; To Clock ; Failed Paths ;
+------------------------------+-------+---------------+------------------------------------------------+--------------------------------------------+--------------------------------------------+------------+----------+--------------+
; Worst-case tsu               ; N/A   ; None          ; 4.910 ns                                       ; i_sck                                      ; shift_register:shift_register_inst|q[7][2] ; --         ; i_sck    ; 0            ;
; Worst-case tco               ; N/A   ; None          ; 7.336 ns                                       ; o_miso[2]~reg0                             ; o_miso[2]                                  ; i_clk      ; --       ; 0            ;
; Worst-case th                ; N/A   ; None          ; -2.375 ns                                      ; i_mosi[1]                                  ; o_miso[1]~reg0                             ; --         ; i_clk    ; 0            ;
; Clock Setup: 'i_clk'         ; N/A   ; None          ; 395.88 MHz ( period = 2.526 ns )               ; counter:counter_inst|count[6]              ; q[22]                                      ; i_clk      ; i_clk    ; 0            ;
; Clock Setup: 'i_sck'         ; N/A   ; None          ; Restricted to 500.00 MHz ( period = 2.000 ns ) ; shift_register:shift_register_inst|q[5][0] ; shift_register:shift_register_inst|q[6][0] ; i_sck      ; i_sck    ; 0            ;
; Total number of failed paths ;       ;               ;                                                ;                                            ;                                            ;            ;          ; 0            ;
+------------------------------+-------+---------------+------------------------------------------------+--------------------------------------------+--------------------------------------------+------------+----------+--------------+


+-----------------------------------------------------------------------------------------------------------------------------------------------------+
; Timing Analyzer Settings                                                                                                                            ;
+------------------------------------------------------------------------------------------------------+--------------------+------+----+-------------+
; Option                                                                                               ; Setting            ; From ; To ; Entity Name ;
+------------------------------------------------------------------------------------------------------+--------------------+------+----+-------------+
; Device Name                                                                                          ; EP2S15F484C3       ;      ;    ;             ;
; Timing Models                                                                                        ; Final              ;      ;    ;             ;
; Default hold multicycle                                                                              ; Same as Multicycle ;      ;    ;             ;
; Cut paths between unrelated clock domains                                                            ; On                 ;      ;    ;             ;
; Cut off read during write signal paths                                                               ; On                 ;      ;    ;             ;
; Cut off feedback from I/O pins                                                                       ; On                 ;      ;    ;             ;
; Report Combined Fast/Slow Timing                                                                     ; Off                ;      ;    ;             ;
; Ignore Clock Settings                                                                                ; Off                ;      ;    ;             ;
; Analyze latches as synchronous elements                                                              ; On                 ;      ;    ;             ;
; Enable Recovery/Removal analysis                                                                     ; Off                ;      ;    ;             ;
; Enable Clock Latency                                                                                 ; Off                ;      ;    ;             ;
; Use TimeQuest Timing Analyzer                                                                        ; Off                ;      ;    ;             ;
; Number of source nodes to report per destination node                                                ; 10                 ;      ;    ;             ;
; Number of destination nodes to report                                                                ; 10                 ;      ;    ;             ;
; Number of paths to report                                                                            ; 200                ;      ;    ;             ;
; Report Minimum Timing Checks                                                                         ; Off                ;      ;    ;             ;
; Use Fast Timing Models                                                                               ; Off                ;      ;    ;             ;
; Report IO Paths Separately                                                                           ; Off                ;      ;    ;             ;
; Perform Multicorner Analysis                                                                         ; On                 ;      ;    ;             ;
; Reports the worst-case path for each clock domain and analysis                                       ; Off                ;      ;    ;             ;
; Reports worst-case timing paths for each clock domain and analysis                                   ; Off                ;      ;    ;             ;
; Specifies the maximum number of worst-case timing paths to report for each clock domain and analysis ; 100                ;      ;    ;             ;
; Removes common clock path pessimism (CCPP) during slack computation                                  ; Off                ;      ;    ;             ;
; Output I/O Timing Endpoint                                                                           ; Near End           ;      ;    ;             ;
+------------------------------------------------------------------------------------------------------+--------------------+------+----+-------------+


+------------------------------------------------------------------------------------------------------------------------------------------------------------------------------------+
; Clock Settings Summary                                                                                                                                                             ;
+-----------------+--------------------+----------+------------------+---------------+--------------+----------+-----------------------+---------------------+--------+--------------+
; Clock Node Name ; Clock Setting Name ; Type     ; Fmax Requirement ; Early Latency ; Late Latency ; Based on ; Multiply Base Fmax by ; Divide Base Fmax by ; Offset ; Phase offset ;
+-----------------+--------------------+----------+------------------+---------------+--------------+----------+-----------------------+---------------------+--------+--------------+
; i_clk           ;                    ; User Pin ; None             ; 0.000 ns      ; 0.000 ns     ; --       ; N/A                   ; N/A                 ; N/A    ;              ;
; i_sck           ;                    ; User Pin ; None             ; 0.000 ns      ; 0.000 ns     ; --       ; N/A                   ; N/A                 ; N/A    ;              ;
+-----------------+--------------------+----------+------------------+---------------+--------------+----------+-----------------------+---------------------+--------+--------------+


Parallel compilation was disabled, but you have multiple processors available. Enable parallel compilation to reduce compilation time.
+-------------------------------------+
; Parallel Compilation                ;
+----------------------------+--------+
; Processors                 ; Number ;
+----------------------------+--------+
; Number detected on machine ; 2      ;
; Maximum allowed            ; 1      ;
+----------------------------+--------+


+----------------------------------------------------------------------------------------------------------------------------------------------------------------------------------------------------------------------------------------------------------------------------------+
; Clock Setup: 'i_clk'                                                                                                                                                                                                                                                             ;
+-----------------------------------------+-----------------------------------------------------+--------------------------------------+-------------------------------+------------+----------+-----------------------------+---------------------------+-------------------------+
; Slack                                   ; Actual fmax (period)                                ; From                                 ; To                            ; From Clock ; To Clock ; Required Setup Relationship ; Required Longest P2P Time ; Actual Longest P2P Time ;
+-----------------------------------------+-----------------------------------------------------+--------------------------------------+-------------------------------+------------+----------+-----------------------------+---------------------------+-------------------------+
; N/A                                     ; 395.88 MHz ( period = 2.526 ns )                    ; counter:counter_inst|count[6]        ; q[1]                          ; i_clk      ; i_clk    ; None                        ; None                      ; 2.351 ns                ;
; N/A                                     ; 395.88 MHz ( period = 2.526 ns )                    ; counter:counter_inst|count[6]        ; q[4]                          ; i_clk      ; i_clk    ; None                        ; None                      ; 2.351 ns                ;
; N/A                                     ; 395.88 MHz ( period = 2.526 ns )                    ; counter:counter_inst|count[6]        ; q[7]                          ; i_clk      ; i_clk    ; None                        ; None                      ; 2.351 ns                ;
; N/A                                     ; 395.88 MHz ( period = 2.526 ns )                    ; counter:counter_inst|count[6]        ; q[10]                         ; i_clk      ; i_clk    ; None                        ; None                      ; 2.351 ns                ;
; N/A                                     ; 395.88 MHz ( period = 2.526 ns )                    ; counter:counter_inst|count[6]        ; q[13]                         ; i_clk      ; i_clk    ; None                        ; None                      ; 2.351 ns                ;
; N/A                                     ; 395.88 MHz ( period = 2.526 ns )                    ; counter:counter_inst|count[6]        ; q[16]                         ; i_clk      ; i_clk    ; None                        ; None                      ; 2.351 ns                ;
; N/A                                     ; 395.88 MHz ( period = 2.526 ns )                    ; counter:counter_inst|count[6]        ; q[19]                         ; i_clk      ; i_clk    ; None                        ; None                      ; 2.351 ns                ;
; N/A                                     ; 395.88 MHz ( period = 2.526 ns )                    ; counter:counter_inst|count[6]        ; q[22]                         ; i_clk      ; i_clk    ; None                        ; None                      ; 2.351 ns                ;
; N/A                                     ; 410.51 MHz ( period = 2.436 ns )                    ; counter:counter_inst|count[0]        ; q[1]                          ; i_clk      ; i_clk    ; None                        ; None                      ; 2.261 ns                ;
; N/A                                     ; 410.51 MHz ( period = 2.436 ns )                    ; counter:counter_inst|count[0]        ; q[4]                          ; i_clk      ; i_clk    ; None                        ; None                      ; 2.261 ns                ;
; N/A                                     ; 410.51 MHz ( period = 2.436 ns )                    ; counter:counter_inst|count[0]        ; q[7]                          ; i_clk      ; i_clk    ; None                        ; None                      ; 2.261 ns                ;
; N/A                                     ; 410.51 MHz ( period = 2.436 ns )                    ; counter:counter_inst|count[0]        ; q[10]                         ; i_clk      ; i_clk    ; None                        ; None                      ; 2.261 ns                ;
; N/A                                     ; 410.51 MHz ( period = 2.436 ns )                    ; counter:counter_inst|count[0]        ; q[13]                         ; i_clk      ; i_clk    ; None                        ; None                      ; 2.261 ns                ;
; N/A                                     ; 410.51 MHz ( period = 2.436 ns )                    ; counter:counter_inst|count[0]        ; q[16]                         ; i_clk      ; i_clk    ; None                        ; None                      ; 2.261 ns                ;
; N/A                                     ; 410.51 MHz ( period = 2.436 ns )                    ; counter:counter_inst|count[0]        ; q[19]                         ; i_clk      ; i_clk    ; None                        ; None                      ; 2.261 ns                ;
; N/A                                     ; 410.51 MHz ( period = 2.436 ns )                    ; counter:counter_inst|count[0]        ; q[22]                         ; i_clk      ; i_clk    ; None                        ; None                      ; 2.261 ns                ;
; N/A                                     ; 418.24 MHz ( period = 2.391 ns )                    ; counter:counter_inst|count[6]        ; q[2]                          ; i_clk      ; i_clk    ; None                        ; None                      ; 2.202 ns                ;
; N/A                                     ; 418.24 MHz ( period = 2.391 ns )                    ; counter:counter_inst|count[6]        ; q[5]                          ; i_clk      ; i_clk    ; None                        ; None                      ; 2.202 ns                ;
; N/A                                     ; 418.24 MHz ( period = 2.391 ns )                    ; counter:counter_inst|count[6]        ; q[8]                          ; i_clk      ; i_clk    ; None                        ; None                      ; 2.202 ns                ;
; N/A                                     ; 418.24 MHz ( period = 2.391 ns )                    ; counter:counter_inst|count[6]        ; q[11]                         ; i_clk      ; i_clk    ; None                        ; None                      ; 2.202 ns                ;
; N/A                                     ; 418.24 MHz ( period = 2.391 ns )                    ; counter:counter_inst|count[6]        ; q[14]                         ; i_clk      ; i_clk    ; None                        ; None                      ; 2.202 ns                ;
; N/A                                     ; 418.24 MHz ( period = 2.391 ns )                    ; counter:counter_inst|count[6]        ; q[17]                         ; i_clk      ; i_clk    ; None                        ; None                      ; 2.202 ns                ;
; N/A                                     ; 418.24 MHz ( period = 2.391 ns )                    ; counter:counter_inst|count[6]        ; q[20]                         ; i_clk      ; i_clk    ; None                        ; None                      ; 2.202 ns                ;
; N/A                                     ; 418.24 MHz ( period = 2.391 ns )                    ; counter:counter_inst|count[6]        ; q[23]                         ; i_clk      ; i_clk    ; None                        ; None                      ; 2.202 ns                ;
; N/A                                     ; 419.11 MHz ( period = 2.386 ns )                    ; counter:counter_inst|count[6]        ; q[18]                         ; i_clk      ; i_clk    ; None                        ; None                      ; 2.208 ns                ;
; N/A                                     ; 419.11 MHz ( period = 2.386 ns )                    ; counter:counter_inst|count[6]        ; q[21]                         ; i_clk      ; i_clk    ; None                        ; None                      ; 2.208 ns                ;
; N/A                                     ; 432.71 MHz ( period = 2.311 ns )                    ; counter:counter_inst|count[4]        ; q[1]                          ; i_clk      ; i_clk    ; None                        ; None                      ; 2.136 ns                ;
; N/A                                     ; 432.71 MHz ( period = 2.311 ns )                    ; counter:counter_inst|count[4]        ; q[4]                          ; i_clk      ; i_clk    ; None                        ; None                      ; 2.136 ns                ;
; N/A                                     ; 432.71 MHz ( period = 2.311 ns )                    ; counter:counter_inst|count[4]        ; q[7]                          ; i_clk      ; i_clk    ; None                        ; None                      ; 2.136 ns                ;
; N/A                                     ; 432.71 MHz ( period = 2.311 ns )                    ; counter:counter_inst|count[4]        ; q[10]                         ; i_clk      ; i_clk    ; None                        ; None                      ; 2.136 ns                ;
; N/A                                     ; 432.71 MHz ( period = 2.311 ns )                    ; counter:counter_inst|count[4]        ; q[13]                         ; i_clk      ; i_clk    ; None                        ; None                      ; 2.136 ns                ;
; N/A                                     ; 432.71 MHz ( period = 2.311 ns )                    ; counter:counter_inst|count[4]        ; q[16]                         ; i_clk      ; i_clk    ; None                        ; None                      ; 2.136 ns                ;
; N/A                                     ; 432.71 MHz ( period = 2.311 ns )                    ; counter:counter_inst|count[4]        ; q[19]                         ; i_clk      ; i_clk    ; None                        ; None                      ; 2.136 ns                ;
; N/A                                     ; 432.71 MHz ( period = 2.311 ns )                    ; counter:counter_inst|count[4]        ; q[22]                         ; i_clk      ; i_clk    ; None                        ; None                      ; 2.136 ns                ;
; N/A                                     ; 434.59 MHz ( period = 2.301 ns )                    ; counter:counter_inst|count[0]        ; q[2]                          ; i_clk      ; i_clk    ; None                        ; None                      ; 2.112 ns                ;
; N/A                                     ; 434.59 MHz ( period = 2.301 ns )                    ; counter:counter_inst|count[0]        ; q[5]                          ; i_clk      ; i_clk    ; None                        ; None                      ; 2.112 ns                ;
; N/A                                     ; 434.59 MHz ( period = 2.301 ns )                    ; counter:counter_inst|count[0]        ; q[8]                          ; i_clk      ; i_clk    ; None                        ; None                      ; 2.112 ns                ;
; N/A                                     ; 434.59 MHz ( period = 2.301 ns )                    ; counter:counter_inst|count[0]        ; q[11]                         ; i_clk      ; i_clk    ; None                        ; None                      ; 2.112 ns                ;
; N/A                                     ; 434.59 MHz ( period = 2.301 ns )                    ; counter:counter_inst|count[0]        ; q[14]                         ; i_clk      ; i_clk    ; None                        ; None                      ; 2.112 ns                ;
; N/A                                     ; 434.59 MHz ( period = 2.301 ns )                    ; counter:counter_inst|count[0]        ; q[17]                         ; i_clk      ; i_clk    ; None                        ; None                      ; 2.112 ns                ;
; N/A                                     ; 434.59 MHz ( period = 2.301 ns )                    ; counter:counter_inst|count[0]        ; q[20]                         ; i_clk      ; i_clk    ; None                        ; None                      ; 2.112 ns                ;
; N/A                                     ; 434.59 MHz ( period = 2.301 ns )                    ; counter:counter_inst|count[0]        ; q[23]                         ; i_clk      ; i_clk    ; None                        ; None                      ; 2.112 ns                ;
; N/A                                     ; 435.54 MHz ( period = 2.296 ns )                    ; counter:counter_inst|count[0]        ; q[18]                         ; i_clk      ; i_clk    ; None                        ; None                      ; 2.118 ns                ;
; N/A                                     ; 435.54 MHz ( period = 2.296 ns )                    ; counter:counter_inst|count[0]        ; q[21]                         ; i_clk      ; i_clk    ; None                        ; None                      ; 2.118 ns                ;
; N/A                                     ; 438.79 MHz ( period = 2.279 ns )                    ; counter:counter_inst|count[7]        ; q[1]                          ; i_clk      ; i_clk    ; None                        ; None                      ; 2.104 ns                ;
; N/A                                     ; 438.79 MHz ( period = 2.279 ns )                    ; counter:counter_inst|count[7]        ; q[4]                          ; i_clk      ; i_clk    ; None                        ; None                      ; 2.104 ns                ;
; N/A                                     ; 438.79 MHz ( period = 2.279 ns )                    ; counter:counter_inst|count[7]        ; q[7]                          ; i_clk      ; i_clk    ; None                        ; None                      ; 2.104 ns                ;
; N/A                                     ; 438.79 MHz ( period = 2.279 ns )                    ; counter:counter_inst|count[7]        ; q[10]                         ; i_clk      ; i_clk    ; None                        ; None                      ; 2.104 ns                ;
; N/A                                     ; 438.79 MHz ( period = 2.279 ns )                    ; counter:counter_inst|count[7]        ; q[13]                         ; i_clk      ; i_clk    ; None                        ; None                      ; 2.104 ns                ;
; N/A                                     ; 438.79 MHz ( period = 2.279 ns )                    ; counter:counter_inst|count[7]        ; q[16]                         ; i_clk      ; i_clk    ; None                        ; None                      ; 2.104 ns                ;
; N/A                                     ; 438.79 MHz ( period = 2.279 ns )                    ; counter:counter_inst|count[7]        ; q[19]                         ; i_clk      ; i_clk    ; None                        ; None                      ; 2.104 ns                ;
; N/A                                     ; 438.79 MHz ( period = 2.279 ns )                    ; counter:counter_inst|count[7]        ; q[22]                         ; i_clk      ; i_clk    ; None                        ; None                      ; 2.104 ns                ;
; N/A                                     ; 458.93 MHz ( period = 2.179 ns )                    ; counter:counter_inst|count[2]        ; q[1]                          ; i_clk      ; i_clk    ; None                        ; None                      ; 2.004 ns                ;
; N/A                                     ; 458.93 MHz ( period = 2.179 ns )                    ; counter:counter_inst|count[2]        ; q[4]                          ; i_clk      ; i_clk    ; None                        ; None                      ; 2.004 ns                ;
; N/A                                     ; 458.93 MHz ( period = 2.179 ns )                    ; counter:counter_inst|count[2]        ; q[7]                          ; i_clk      ; i_clk    ; None                        ; None                      ; 2.004 ns                ;
; N/A                                     ; 458.93 MHz ( period = 2.179 ns )                    ; counter:counter_inst|count[2]        ; q[10]                         ; i_clk      ; i_clk    ; None                        ; None                      ; 2.004 ns                ;
; N/A                                     ; 458.93 MHz ( period = 2.179 ns )                    ; counter:counter_inst|count[2]        ; q[13]                         ; i_clk      ; i_clk    ; None                        ; None                      ; 2.004 ns                ;
; N/A                                     ; 458.93 MHz ( period = 2.179 ns )                    ; counter:counter_inst|count[2]        ; q[16]                         ; i_clk      ; i_clk    ; None                        ; None                      ; 2.004 ns                ;
; N/A                                     ; 458.93 MHz ( period = 2.179 ns )                    ; counter:counter_inst|count[2]        ; q[19]                         ; i_clk      ; i_clk    ; None                        ; None                      ; 2.004 ns                ;
; N/A                                     ; 458.93 MHz ( period = 2.179 ns )                    ; counter:counter_inst|count[2]        ; q[22]                         ; i_clk      ; i_clk    ; None                        ; None                      ; 2.004 ns                ;
; N/A                                     ; 459.56 MHz ( period = 2.176 ns )                    ; counter:counter_inst|count[4]        ; q[2]                          ; i_clk      ; i_clk    ; None                        ; None                      ; 1.987 ns                ;
; N/A                                     ; 459.56 MHz ( period = 2.176 ns )                    ; counter:counter_inst|count[4]        ; q[5]                          ; i_clk      ; i_clk    ; None                        ; None                      ; 1.987 ns                ;
; N/A                                     ; 459.56 MHz ( period = 2.176 ns )                    ; counter:counter_inst|count[4]        ; q[8]                          ; i_clk      ; i_clk    ; None                        ; None                      ; 1.987 ns                ;
; N/A                                     ; 459.56 MHz ( period = 2.176 ns )                    ; counter:counter_inst|count[4]        ; q[11]                         ; i_clk      ; i_clk    ; None                        ; None                      ; 1.987 ns                ;
; N/A                                     ; 459.56 MHz ( period = 2.176 ns )                    ; counter:counter_inst|count[4]        ; q[14]                         ; i_clk      ; i_clk    ; None                        ; None                      ; 1.987 ns                ;
; N/A                                     ; 459.56 MHz ( period = 2.176 ns )                    ; counter:counter_inst|count[4]        ; q[17]                         ; i_clk      ; i_clk    ; None                        ; None                      ; 1.987 ns                ;
; N/A                                     ; 459.56 MHz ( period = 2.176 ns )                    ; counter:counter_inst|count[4]        ; q[20]                         ; i_clk      ; i_clk    ; None                        ; None                      ; 1.987 ns                ;
; N/A                                     ; 459.56 MHz ( period = 2.176 ns )                    ; counter:counter_inst|count[4]        ; q[23]                         ; i_clk      ; i_clk    ; None                        ; None                      ; 1.987 ns                ;
; N/A                                     ; 459.77 MHz ( period = 2.175 ns )                    ; counter:counter_inst|count[3]        ; q[1]                          ; i_clk      ; i_clk    ; None                        ; None                      ; 2.000 ns                ;
; N/A                                     ; 459.77 MHz ( period = 2.175 ns )                    ; counter:counter_inst|count[3]        ; q[4]                          ; i_clk      ; i_clk    ; None                        ; None                      ; 2.000 ns                ;
; N/A                                     ; 459.77 MHz ( period = 2.175 ns )                    ; counter:counter_inst|count[3]        ; q[7]                          ; i_clk      ; i_clk    ; None                        ; None                      ; 2.000 ns                ;
; N/A                                     ; 459.77 MHz ( period = 2.175 ns )                    ; counter:counter_inst|count[3]        ; q[10]                         ; i_clk      ; i_clk    ; None                        ; None                      ; 2.000 ns                ;
; N/A                                     ; 459.77 MHz ( period = 2.175 ns )                    ; counter:counter_inst|count[3]        ; q[13]                         ; i_clk      ; i_clk    ; None                        ; None                      ; 2.000 ns                ;
; N/A                                     ; 459.77 MHz ( period = 2.175 ns )                    ; counter:counter_inst|count[3]        ; q[16]                         ; i_clk      ; i_clk    ; None                        ; None                      ; 2.000 ns                ;
; N/A                                     ; 459.77 MHz ( period = 2.175 ns )                    ; counter:counter_inst|count[3]        ; q[19]                         ; i_clk      ; i_clk    ; None                        ; None                      ; 2.000 ns                ;
; N/A                                     ; 459.77 MHz ( period = 2.175 ns )                    ; counter:counter_inst|count[3]        ; q[22]                         ; i_clk      ; i_clk    ; None                        ; None                      ; 2.000 ns                ;
; N/A                                     ; 460.62 MHz ( period = 2.171 ns )                    ; counter:counter_inst|count[4]        ; q[18]                         ; i_clk      ; i_clk    ; None                        ; None                      ; 1.993 ns                ;
; N/A                                     ; 460.62 MHz ( period = 2.171 ns )                    ; counter:counter_inst|count[4]        ; q[21]                         ; i_clk      ; i_clk    ; None                        ; None                      ; 1.993 ns                ;
; N/A                                     ; 461.04 MHz ( period = 2.169 ns )                    ; counter:counter_inst|count[5]        ; q[1]                          ; i_clk      ; i_clk    ; None                        ; None                      ; 1.994 ns                ;
; N/A                                     ; 461.04 MHz ( period = 2.169 ns )                    ; counter:counter_inst|count[5]        ; q[4]                          ; i_clk      ; i_clk    ; None                        ; None                      ; 1.994 ns                ;
; N/A                                     ; 461.04 MHz ( period = 2.169 ns )                    ; counter:counter_inst|count[5]        ; q[7]                          ; i_clk      ; i_clk    ; None                        ; None                      ; 1.994 ns                ;
; N/A                                     ; 461.04 MHz ( period = 2.169 ns )                    ; counter:counter_inst|count[5]        ; q[10]                         ; i_clk      ; i_clk    ; None                        ; None                      ; 1.994 ns                ;
; N/A                                     ; 461.04 MHz ( period = 2.169 ns )                    ; counter:counter_inst|count[5]        ; q[13]                         ; i_clk      ; i_clk    ; None                        ; None                      ; 1.994 ns                ;
; N/A                                     ; 461.04 MHz ( period = 2.169 ns )                    ; counter:counter_inst|count[5]        ; q[16]                         ; i_clk      ; i_clk    ; None                        ; None                      ; 1.994 ns                ;
; N/A                                     ; 461.04 MHz ( period = 2.169 ns )                    ; counter:counter_inst|count[5]        ; q[19]                         ; i_clk      ; i_clk    ; None                        ; None                      ; 1.994 ns                ;
; N/A                                     ; 461.04 MHz ( period = 2.169 ns )                    ; counter:counter_inst|count[5]        ; q[22]                         ; i_clk      ; i_clk    ; None                        ; None                      ; 1.994 ns                ;
; N/A                                     ; 466.42 MHz ( period = 2.144 ns )                    ; counter:counter_inst|count[7]        ; q[2]                          ; i_clk      ; i_clk    ; None                        ; None                      ; 1.955 ns                ;
; N/A                                     ; 466.42 MHz ( period = 2.144 ns )                    ; counter:counter_inst|count[7]        ; q[5]                          ; i_clk      ; i_clk    ; None                        ; None                      ; 1.955 ns                ;
; N/A                                     ; 466.42 MHz ( period = 2.144 ns )                    ; counter:counter_inst|count[7]        ; q[8]                          ; i_clk      ; i_clk    ; None                        ; None                      ; 1.955 ns                ;
; N/A                                     ; 466.42 MHz ( period = 2.144 ns )                    ; counter:counter_inst|count[7]        ; q[11]                         ; i_clk      ; i_clk    ; None                        ; None                      ; 1.955 ns                ;
; N/A                                     ; 466.42 MHz ( period = 2.144 ns )                    ; counter:counter_inst|count[7]        ; q[14]                         ; i_clk      ; i_clk    ; None                        ; None                      ; 1.955 ns                ;
; N/A                                     ; 466.42 MHz ( period = 2.144 ns )                    ; counter:counter_inst|count[7]        ; q[17]                         ; i_clk      ; i_clk    ; None                        ; None                      ; 1.955 ns                ;
; N/A                                     ; 466.42 MHz ( period = 2.144 ns )                    ; counter:counter_inst|count[7]        ; q[20]                         ; i_clk      ; i_clk    ; None                        ; None                      ; 1.955 ns                ;
; N/A                                     ; 466.42 MHz ( period = 2.144 ns )                    ; counter:counter_inst|count[7]        ; q[23]                         ; i_clk      ; i_clk    ; None                        ; None                      ; 1.955 ns                ;
; N/A                                     ; 467.51 MHz ( period = 2.139 ns )                    ; counter:counter_inst|count[7]        ; q[18]                         ; i_clk      ; i_clk    ; None                        ; None                      ; 1.961 ns                ;
; N/A                                     ; 467.51 MHz ( period = 2.139 ns )                    ; counter:counter_inst|count[7]        ; q[21]                         ; i_clk      ; i_clk    ; None                        ; None                      ; 1.961 ns                ;
; N/A                                     ; 475.06 MHz ( period = 2.105 ns )                    ; counter:counter_inst|count[6]        ; q[0]                          ; i_clk      ; i_clk    ; None                        ; None                      ; 1.919 ns                ;
; N/A                                     ; 475.06 MHz ( period = 2.105 ns )                    ; counter:counter_inst|count[6]        ; q[3]                          ; i_clk      ; i_clk    ; None                        ; None                      ; 1.919 ns                ;
; N/A                                     ; 475.06 MHz ( period = 2.105 ns )                    ; counter:counter_inst|count[6]        ; q[6]                          ; i_clk      ; i_clk    ; None                        ; None                      ; 1.919 ns                ;
; N/A                                     ; 475.06 MHz ( period = 2.105 ns )                    ; counter:counter_inst|count[6]        ; q[9]                          ; i_clk      ; i_clk    ; None                        ; None                      ; 1.919 ns                ;
; N/A                                     ; 475.06 MHz ( period = 2.105 ns )                    ; counter:counter_inst|count[6]        ; q[12]                         ; i_clk      ; i_clk    ; None                        ; None                      ; 1.919 ns                ;
; N/A                                     ; 475.06 MHz ( period = 2.105 ns )                    ; counter:counter_inst|count[6]        ; q[15]                         ; i_clk      ; i_clk    ; None                        ; None                      ; 1.919 ns                ;
; N/A                                     ; 489.24 MHz ( period = 2.044 ns )                    ; counter:counter_inst|count[2]        ; q[2]                          ; i_clk      ; i_clk    ; None                        ; None                      ; 1.855 ns                ;
; N/A                                     ; 489.24 MHz ( period = 2.044 ns )                    ; counter:counter_inst|count[2]        ; q[5]                          ; i_clk      ; i_clk    ; None                        ; None                      ; 1.855 ns                ;
; N/A                                     ; 489.24 MHz ( period = 2.044 ns )                    ; counter:counter_inst|count[2]        ; q[8]                          ; i_clk      ; i_clk    ; None                        ; None                      ; 1.855 ns                ;
; N/A                                     ; 489.24 MHz ( period = 2.044 ns )                    ; counter:counter_inst|count[2]        ; q[11]                         ; i_clk      ; i_clk    ; None                        ; None                      ; 1.855 ns                ;
; N/A                                     ; 489.24 MHz ( period = 2.044 ns )                    ; counter:counter_inst|count[2]        ; q[14]                         ; i_clk      ; i_clk    ; None                        ; None                      ; 1.855 ns                ;
; N/A                                     ; 489.24 MHz ( period = 2.044 ns )                    ; counter:counter_inst|count[2]        ; q[17]                         ; i_clk      ; i_clk    ; None                        ; None                      ; 1.855 ns                ;
; N/A                                     ; 489.24 MHz ( period = 2.044 ns )                    ; counter:counter_inst|count[2]        ; q[20]                         ; i_clk      ; i_clk    ; None                        ; None                      ; 1.855 ns                ;
; N/A                                     ; 489.24 MHz ( period = 2.044 ns )                    ; counter:counter_inst|count[2]        ; q[23]                         ; i_clk      ; i_clk    ; None                        ; None                      ; 1.855 ns                ;
; N/A                                     ; 490.20 MHz ( period = 2.040 ns )                    ; counter:counter_inst|count[3]        ; q[2]                          ; i_clk      ; i_clk    ; None                        ; None                      ; 1.851 ns                ;
; N/A                                     ; 490.20 MHz ( period = 2.040 ns )                    ; counter:counter_inst|count[3]        ; q[5]                          ; i_clk      ; i_clk    ; None                        ; None                      ; 1.851 ns                ;
; N/A                                     ; 490.20 MHz ( period = 2.040 ns )                    ; counter:counter_inst|count[3]        ; q[8]                          ; i_clk      ; i_clk    ; None                        ; None                      ; 1.851 ns                ;
; N/A                                     ; 490.20 MHz ( period = 2.040 ns )                    ; counter:counter_inst|count[3]        ; q[11]                         ; i_clk      ; i_clk    ; None                        ; None                      ; 1.851 ns                ;
; N/A                                     ; 490.20 MHz ( period = 2.040 ns )                    ; counter:counter_inst|count[3]        ; q[14]                         ; i_clk      ; i_clk    ; None                        ; None                      ; 1.851 ns                ;
; N/A                                     ; 490.20 MHz ( period = 2.040 ns )                    ; counter:counter_inst|count[3]        ; q[17]                         ; i_clk      ; i_clk    ; None                        ; None                      ; 1.851 ns                ;
; N/A                                     ; 490.20 MHz ( period = 2.040 ns )                    ; counter:counter_inst|count[3]        ; q[20]                         ; i_clk      ; i_clk    ; None                        ; None                      ; 1.851 ns                ;
; N/A                                     ; 490.20 MHz ( period = 2.040 ns )                    ; counter:counter_inst|count[3]        ; q[23]                         ; i_clk      ; i_clk    ; None                        ; None                      ; 1.851 ns                ;
; N/A                                     ; 490.44 MHz ( period = 2.039 ns )                    ; counter:counter_inst|count[2]        ; q[18]                         ; i_clk      ; i_clk    ; None                        ; None                      ; 1.861 ns                ;
; N/A                                     ; 490.44 MHz ( period = 2.039 ns )                    ; counter:counter_inst|count[2]        ; q[21]                         ; i_clk      ; i_clk    ; None                        ; None                      ; 1.861 ns                ;
; N/A                                     ; 491.40 MHz ( period = 2.035 ns )                    ; counter:counter_inst|count[3]        ; q[18]                         ; i_clk      ; i_clk    ; None                        ; None                      ; 1.857 ns                ;
; N/A                                     ; 491.40 MHz ( period = 2.035 ns )                    ; counter:counter_inst|count[3]        ; q[21]                         ; i_clk      ; i_clk    ; None                        ; None                      ; 1.857 ns                ;
; N/A                                     ; 491.64 MHz ( period = 2.034 ns )                    ; counter:counter_inst|count[5]        ; q[2]                          ; i_clk      ; i_clk    ; None                        ; None                      ; 1.845 ns                ;
; N/A                                     ; 491.64 MHz ( period = 2.034 ns )                    ; counter:counter_inst|count[5]        ; q[5]                          ; i_clk      ; i_clk    ; None                        ; None                      ; 1.845 ns                ;
; N/A                                     ; 491.64 MHz ( period = 2.034 ns )                    ; counter:counter_inst|count[5]        ; q[8]                          ; i_clk      ; i_clk    ; None                        ; None                      ; 1.845 ns                ;
; N/A                                     ; 491.64 MHz ( period = 2.034 ns )                    ; counter:counter_inst|count[5]        ; q[11]                         ; i_clk      ; i_clk    ; None                        ; None                      ; 1.845 ns                ;
; N/A                                     ; 491.64 MHz ( period = 2.034 ns )                    ; counter:counter_inst|count[5]        ; q[14]                         ; i_clk      ; i_clk    ; None                        ; None                      ; 1.845 ns                ;
; N/A                                     ; 491.64 MHz ( period = 2.034 ns )                    ; counter:counter_inst|count[5]        ; q[17]                         ; i_clk      ; i_clk    ; None                        ; None                      ; 1.845 ns                ;
; N/A                                     ; 491.64 MHz ( period = 2.034 ns )                    ; counter:counter_inst|count[5]        ; q[20]                         ; i_clk      ; i_clk    ; None                        ; None                      ; 1.845 ns                ;
; N/A                                     ; 491.64 MHz ( period = 2.034 ns )                    ; counter:counter_inst|count[5]        ; q[23]                         ; i_clk      ; i_clk    ; None                        ; None                      ; 1.845 ns                ;
; N/A                                     ; 492.61 MHz ( period = 2.030 ns )                    ; counter:counter_inst|count[1]        ; q[1]                          ; i_clk      ; i_clk    ; None                        ; None                      ; 1.855 ns                ;
; N/A                                     ; 492.61 MHz ( period = 2.030 ns )                    ; counter:counter_inst|count[1]        ; q[4]                          ; i_clk      ; i_clk    ; None                        ; None                      ; 1.855 ns                ;
; N/A                                     ; 492.61 MHz ( period = 2.030 ns )                    ; counter:counter_inst|count[1]        ; q[7]                          ; i_clk      ; i_clk    ; None                        ; None                      ; 1.855 ns                ;
; N/A                                     ; 492.61 MHz ( period = 2.030 ns )                    ; counter:counter_inst|count[1]        ; q[10]                         ; i_clk      ; i_clk    ; None                        ; None                      ; 1.855 ns                ;
; N/A                                     ; 492.61 MHz ( period = 2.030 ns )                    ; counter:counter_inst|count[1]        ; q[13]                         ; i_clk      ; i_clk    ; None                        ; None                      ; 1.855 ns                ;
; N/A                                     ; 492.61 MHz ( period = 2.030 ns )                    ; counter:counter_inst|count[1]        ; q[16]                         ; i_clk      ; i_clk    ; None                        ; None                      ; 1.855 ns                ;
; N/A                                     ; 492.61 MHz ( period = 2.030 ns )                    ; counter:counter_inst|count[1]        ; q[19]                         ; i_clk      ; i_clk    ; None                        ; None                      ; 1.855 ns                ;
; N/A                                     ; 492.61 MHz ( period = 2.030 ns )                    ; counter:counter_inst|count[1]        ; q[22]                         ; i_clk      ; i_clk    ; None                        ; None                      ; 1.855 ns                ;
; N/A                                     ; 492.85 MHz ( period = 2.029 ns )                    ; counter:counter_inst|count[5]        ; q[18]                         ; i_clk      ; i_clk    ; None                        ; None                      ; 1.851 ns                ;
; N/A                                     ; 492.85 MHz ( period = 2.029 ns )                    ; counter:counter_inst|count[5]        ; q[21]                         ; i_clk      ; i_clk    ; None                        ; None                      ; 1.851 ns                ;
; N/A                                     ; 496.28 MHz ( period = 2.015 ns )                    ; counter:counter_inst|count[0]        ; q[0]                          ; i_clk      ; i_clk    ; None                        ; None                      ; 1.829 ns                ;
; N/A                                     ; 496.28 MHz ( period = 2.015 ns )                    ; counter:counter_inst|count[0]        ; q[3]                          ; i_clk      ; i_clk    ; None                        ; None                      ; 1.829 ns                ;
; N/A                                     ; 496.28 MHz ( period = 2.015 ns )                    ; counter:counter_inst|count[0]        ; q[6]                          ; i_clk      ; i_clk    ; None                        ; None                      ; 1.829 ns                ;
; N/A                                     ; 496.28 MHz ( period = 2.015 ns )                    ; counter:counter_inst|count[0]        ; q[9]                          ; i_clk      ; i_clk    ; None                        ; None                      ; 1.829 ns                ;
; N/A                                     ; 496.28 MHz ( period = 2.015 ns )                    ; counter:counter_inst|count[0]        ; q[12]                         ; i_clk      ; i_clk    ; None                        ; None                      ; 1.829 ns                ;
; N/A                                     ; 496.28 MHz ( period = 2.015 ns )                    ; counter:counter_inst|count[0]        ; q[15]                         ; i_clk      ; i_clk    ; None                        ; None                      ; 1.829 ns                ;
; N/A                                     ; Restricted to 500.00 MHz ( period = 2.000 ns )      ; counter:counter_inst|count[1]        ; q[2]                          ; i_clk      ; i_clk    ; None                        ; None                      ; 1.706 ns                ;
; N/A                                     ; Restricted to 500.00 MHz ( period = 2.000 ns )      ; counter:counter_inst|count[1]        ; q[5]                          ; i_clk      ; i_clk    ; None                        ; None                      ; 1.706 ns                ;
; N/A                                     ; Restricted to 500.00 MHz ( period = 2.000 ns )      ; counter:counter_inst|count[1]        ; q[8]                          ; i_clk      ; i_clk    ; None                        ; None                      ; 1.706 ns                ;
; N/A                                     ; Restricted to 500.00 MHz ( period = 2.000 ns )      ; counter:counter_inst|count[1]        ; q[11]                         ; i_clk      ; i_clk    ; None                        ; None                      ; 1.706 ns                ;
; N/A                                     ; Restricted to 500.00 MHz ( period = 2.000 ns )      ; counter:counter_inst|count[1]        ; q[14]                         ; i_clk      ; i_clk    ; None                        ; None                      ; 1.706 ns                ;
; N/A                                     ; Restricted to 500.00 MHz ( period = 2.000 ns )      ; counter:counter_inst|count[1]        ; q[17]                         ; i_clk      ; i_clk    ; None                        ; None                      ; 1.706 ns                ;
; N/A                                     ; Restricted to 500.00 MHz ( period = 2.000 ns )      ; counter:counter_inst|count[1]        ; q[20]                         ; i_clk      ; i_clk    ; None                        ; None                      ; 1.706 ns                ;
; N/A                                     ; Restricted to 500.00 MHz ( period = 2.000 ns )      ; counter:counter_inst|count[1]        ; q[23]                         ; i_clk      ; i_clk    ; None                        ; None                      ; 1.706 ns                ;
; N/A                                     ; Restricted to 500.00 MHz ( period = 2.000 ns )      ; counter:counter_inst|count[4]        ; q[0]                          ; i_clk      ; i_clk    ; None                        ; None                      ; 1.704 ns                ;
; N/A                                     ; Restricted to 500.00 MHz ( period = 2.000 ns )      ; counter:counter_inst|count[4]        ; q[3]                          ; i_clk      ; i_clk    ; None                        ; None                      ; 1.704 ns                ;
; N/A                                     ; Restricted to 500.00 MHz ( period = 2.000 ns )      ; counter:counter_inst|count[4]        ; q[6]                          ; i_clk      ; i_clk    ; None                        ; None                      ; 1.704 ns                ;
; N/A                                     ; Restricted to 500.00 MHz ( period = 2.000 ns )      ; counter:counter_inst|count[4]        ; q[9]                          ; i_clk      ; i_clk    ; None                        ; None                      ; 1.704 ns                ;
; N/A                                     ; Restricted to 500.00 MHz ( period = 2.000 ns )      ; counter:counter_inst|count[4]        ; q[12]                         ; i_clk      ; i_clk    ; None                        ; None                      ; 1.704 ns                ;
; N/A                                     ; Restricted to 500.00 MHz ( period = 2.000 ns )      ; counter:counter_inst|count[4]        ; q[15]                         ; i_clk      ; i_clk    ; None                        ; None                      ; 1.704 ns                ;
; N/A                                     ; Restricted to 500.00 MHz ( period = 2.000 ns )      ; counter:counter_inst|count[1]        ; q[18]                         ; i_clk      ; i_clk    ; None                        ; None                      ; 1.712 ns                ;
; N/A                                     ; Restricted to 500.00 MHz ( period = 2.000 ns )      ; counter:counter_inst|count[1]        ; q[21]                         ; i_clk      ; i_clk    ; None                        ; None                      ; 1.712 ns                ;
; N/A                                     ; Restricted to 500.00 MHz ( period = 2.000 ns )      ; counter:counter_inst|count[7]        ; q[0]                          ; i_clk      ; i_clk    ; None                        ; None                      ; 1.672 ns                ;
; N/A                                     ; Restricted to 500.00 MHz ( period = 2.000 ns )      ; counter:counter_inst|count[7]        ; q[3]                          ; i_clk      ; i_clk    ; None                        ; None                      ; 1.672 ns                ;
; N/A                                     ; Restricted to 500.00 MHz ( period = 2.000 ns )      ; counter:counter_inst|count[7]        ; q[6]                          ; i_clk      ; i_clk    ; None                        ; None                      ; 1.672 ns                ;
; N/A                                     ; Restricted to 500.00 MHz ( period = 2.000 ns )      ; counter:counter_inst|count[7]        ; q[9]                          ; i_clk      ; i_clk    ; None                        ; None                      ; 1.672 ns                ;
; N/A                                     ; Restricted to 500.00 MHz ( period = 2.000 ns )      ; counter:counter_inst|count[7]        ; q[12]                         ; i_clk      ; i_clk    ; None                        ; None                      ; 1.672 ns                ;
; N/A                                     ; Restricted to 500.00 MHz ( period = 2.000 ns )      ; counter:counter_inst|count[7]        ; q[15]                         ; i_clk      ; i_clk    ; None                        ; None                      ; 1.672 ns                ;
; N/A                                     ; Restricted to 500.00 MHz ( period = 2.000 ns )      ; counter:counter_inst|count[2]        ; q[0]                          ; i_clk      ; i_clk    ; None                        ; None                      ; 1.572 ns                ;
; N/A                                     ; Restricted to 500.00 MHz ( period = 2.000 ns )      ; counter:counter_inst|count[2]        ; q[3]                          ; i_clk      ; i_clk    ; None                        ; None                      ; 1.572 ns                ;
; N/A                                     ; Restricted to 500.00 MHz ( period = 2.000 ns )      ; counter:counter_inst|count[2]        ; q[6]                          ; i_clk      ; i_clk    ; None                        ; None                      ; 1.572 ns                ;
; N/A                                     ; Restricted to 500.00 MHz ( period = 2.000 ns )      ; counter:counter_inst|count[2]        ; q[9]                          ; i_clk      ; i_clk    ; None                        ; None                      ; 1.572 ns                ;
; N/A                                     ; Restricted to 500.00 MHz ( period = 2.000 ns )      ; counter:counter_inst|count[2]        ; q[12]                         ; i_clk      ; i_clk    ; None                        ; None                      ; 1.572 ns                ;
; N/A                                     ; Restricted to 500.00 MHz ( period = 2.000 ns )      ; counter:counter_inst|count[2]        ; q[15]                         ; i_clk      ; i_clk    ; None                        ; None                      ; 1.572 ns                ;
; N/A                                     ; Restricted to 500.00 MHz ( period = 2.000 ns )      ; counter:counter_inst|count[3]        ; q[0]                          ; i_clk      ; i_clk    ; None                        ; None                      ; 1.568 ns                ;
; N/A                                     ; Restricted to 500.00 MHz ( period = 2.000 ns )      ; counter:counter_inst|count[3]        ; q[3]                          ; i_clk      ; i_clk    ; None                        ; None                      ; 1.568 ns                ;
; N/A                                     ; Restricted to 500.00 MHz ( period = 2.000 ns )      ; counter:counter_inst|count[3]        ; q[6]                          ; i_clk      ; i_clk    ; None                        ; None                      ; 1.568 ns                ;
; N/A                                     ; Restricted to 500.00 MHz ( period = 2.000 ns )      ; counter:counter_inst|count[3]        ; q[9]                          ; i_clk      ; i_clk    ; None                        ; None                      ; 1.568 ns                ;
; N/A                                     ; Restricted to 500.00 MHz ( period = 2.000 ns )      ; counter:counter_inst|count[3]        ; q[12]                         ; i_clk      ; i_clk    ; None                        ; None                      ; 1.568 ns                ;
; N/A                                     ; Restricted to 500.00 MHz ( period = 2.000 ns )      ; counter:counter_inst|count[3]        ; q[15]                         ; i_clk      ; i_clk    ; None                        ; None                      ; 1.568 ns                ;
; N/A                                     ; Restricted to 500.00 MHz ( period = 2.000 ns )      ; counter:counter_inst|count[5]        ; q[0]                          ; i_clk      ; i_clk    ; None                        ; None                      ; 1.562 ns                ;
; N/A                                     ; Restricted to 500.00 MHz ( period = 2.000 ns )      ; counter:counter_inst|count[5]        ; q[3]                          ; i_clk      ; i_clk    ; None                        ; None                      ; 1.562 ns                ;
; N/A                                     ; Restricted to 500.00 MHz ( period = 2.000 ns )      ; counter:counter_inst|count[5]        ; q[6]                          ; i_clk      ; i_clk    ; None                        ; None                      ; 1.562 ns                ;
; N/A                                     ; Restricted to 500.00 MHz ( period = 2.000 ns )      ; counter:counter_inst|count[5]        ; q[9]                          ; i_clk      ; i_clk    ; None                        ; None                      ; 1.562 ns                ;
; N/A                                     ; Restricted to 500.00 MHz ( period = 2.000 ns )      ; counter:counter_inst|count[5]        ; q[12]                         ; i_clk      ; i_clk    ; None                        ; None                      ; 1.562 ns                ;
; N/A                                     ; Restricted to 500.00 MHz ( period = 2.000 ns )      ; counter:counter_inst|count[5]        ; q[15]                         ; i_clk      ; i_clk    ; None                        ; None                      ; 1.562 ns                ;
; N/A                                     ; Restricted to 500.00 MHz ( period = 2.000 ns )      ; counter:counter_inst|count[1]        ; q[0]                          ; i_clk      ; i_clk    ; None                        ; None                      ; 1.423 ns                ;
; N/A                                     ; Restricted to 500.00 MHz ( period = 2.000 ns )      ; counter:counter_inst|count[1]        ; q[3]                          ; i_clk      ; i_clk    ; None                        ; None                      ; 1.423 ns                ;
; N/A                                     ; Restricted to 500.00 MHz ( period = 2.000 ns )      ; counter:counter_inst|count[1]        ; q[6]                          ; i_clk      ; i_clk    ; None                        ; None                      ; 1.423 ns                ;
; N/A                                     ; Restricted to 500.00 MHz ( period = 2.000 ns )      ; counter:counter_inst|count[1]        ; q[9]                          ; i_clk      ; i_clk    ; None                        ; None                      ; 1.423 ns                ;
; N/A                                     ; Restricted to 500.00 MHz ( period = 2.000 ns )      ; counter:counter_inst|count[1]        ; q[12]                         ; i_clk      ; i_clk    ; None                        ; None                      ; 1.423 ns                ;
; N/A                                     ; Restricted to 500.00 MHz ( period = 2.000 ns )      ; counter:counter_inst|count[1]        ; q[15]                         ; i_clk      ; i_clk    ; None                        ; None                      ; 1.423 ns                ;
; N/A                                     ; Restricted to 500.00 MHz ( period = 2.000 ns )      ; front_detector:front_detector_inst|q ; counter:counter_inst|count[0] ; i_clk      ; i_clk    ; None                        ; None                      ; 1.300 ns                ;
; N/A                                     ; Restricted to 500.00 MHz ( period = 2.000 ns )      ; front_detector:front_detector_inst|q ; counter:counter_inst|count[1] ; i_clk      ; i_clk    ; None                        ; None                      ; 1.300 ns                ;
; N/A                                     ; Restricted to 500.00 MHz ( period = 2.000 ns )      ; front_detector:front_detector_inst|q ; counter:counter_inst|count[2] ; i_clk      ; i_clk    ; None                        ; None                      ; 1.300 ns                ;
; N/A                                     ; Restricted to 500.00 MHz ( period = 2.000 ns )      ; front_detector:front_detector_inst|q ; counter:counter_inst|count[3] ; i_clk      ; i_clk    ; None                        ; None                      ; 1.300 ns                ;
; N/A                                     ; Restricted to 500.00 MHz ( period = 2.000 ns )      ; front_detector:front_detector_inst|q ; counter:counter_inst|count[4] ; i_clk      ; i_clk    ; None                        ; None                      ; 1.300 ns                ;
; N/A                                     ; Restricted to 500.00 MHz ( period = 2.000 ns )      ; front_detector:front_detector_inst|q ; counter:counter_inst|count[5] ; i_clk      ; i_clk    ; None                        ; None                      ; 1.300 ns                ;
; N/A                                     ; Restricted to 500.00 MHz ( period = 2.000 ns )      ; front_detector:front_detector_inst|q ; counter:counter_inst|count[6] ; i_clk      ; i_clk    ; None                        ; None                      ; 1.300 ns                ;
; N/A                                     ; Restricted to 500.00 MHz ( period = 2.000 ns )      ; front_detector:front_detector_inst|q ; counter:counter_inst|count[7] ; i_clk      ; i_clk    ; None                        ; None                      ; 1.300 ns                ;
; Timing analysis restricted to 200 rows. ; To change the limit use Settings (Assignments menu) ;                                      ;                               ;            ;          ;                             ;                           ;                         ;
+-----------------------------------------+-----------------------------------------------------+--------------------------------------+-------------------------------+------------+----------+-----------------------------+---------------------------+-------------------------+


+--------------------------------------------------------------------------------------------------------------------------------------------------------------------------------------------------------------------------------------------------------------+
; Clock Setup: 'i_sck'                                                                                                                                                                                                                                         ;
+-------+------------------------------------------------+--------------------------------------------+--------------------------------------------+------------+----------+-----------------------------+---------------------------+-------------------------+
; Slack ; Actual fmax (period)                           ; From                                       ; To                                         ; From Clock ; To Clock ; Required Setup Relationship ; Required Longest P2P Time ; Actual Longest P2P Time ;
+-------+------------------------------------------------+--------------------------------------------+--------------------------------------------+------------+----------+-----------------------------+---------------------------+-------------------------+
; N/A   ; Restricted to 500.00 MHz ( period = 2.000 ns ) ; shift_register:shift_register_inst|q[5][0] ; shift_register:shift_register_inst|q[6][0] ; i_sck      ; i_sck    ; None                        ; None                      ; 0.581 ns                ;
; N/A   ; Restricted to 500.00 MHz ( period = 2.000 ns ) ; shift_register:shift_register_inst|q[4][2] ; shift_register:shift_register_inst|q[5][2] ; i_sck      ; i_sck    ; None                        ; None                      ; 0.579 ns                ;
; N/A   ; Restricted to 500.00 MHz ( period = 2.000 ns ) ; shift_register:shift_register_inst|q[6][1] ; shift_register:shift_register_inst|q[7][1] ; i_sck      ; i_sck    ; None                        ; None                      ; 0.576 ns                ;
; N/A   ; Restricted to 500.00 MHz ( period = 2.000 ns ) ; shift_register:shift_register_inst|q[1][2] ; shift_register:shift_register_inst|q[2][2] ; i_sck      ; i_sck    ; None                        ; None                      ; 0.529 ns                ;
; N/A   ; Restricted to 500.00 MHz ( period = 2.000 ns ) ; shift_register:shift_register_inst|q[0][2] ; shift_register:shift_register_inst|q[1][2] ; i_sck      ; i_sck    ; None                        ; None                      ; 0.518 ns                ;
; N/A   ; Restricted to 500.00 MHz ( period = 2.000 ns ) ; shift_register:shift_register_inst|q[4][0] ; shift_register:shift_register_inst|q[5][0] ; i_sck      ; i_sck    ; None                        ; None                      ; 0.515 ns                ;
; N/A   ; Restricted to 500.00 MHz ( period = 2.000 ns ) ; shift_register:shift_register_inst|q[2][1] ; shift_register:shift_register_inst|q[3][1] ; i_sck      ; i_sck    ; None                        ; None                      ; 0.514 ns                ;
; N/A   ; Restricted to 500.00 MHz ( period = 2.000 ns ) ; shift_register:shift_register_inst|q[3][1] ; shift_register:shift_register_inst|q[4][1] ; i_sck      ; i_sck    ; None                        ; None                      ; 0.507 ns                ;
; N/A   ; Restricted to 500.00 MHz ( period = 2.000 ns ) ; shift_register:shift_register_inst|q[0][0] ; shift_register:shift_register_inst|q[1][0] ; i_sck      ; i_sck    ; None                        ; None                      ; 0.500 ns                ;
; N/A   ; Restricted to 500.00 MHz ( period = 2.000 ns ) ; shift_register:shift_register_inst|q[3][2] ; shift_register:shift_register_inst|q[4][2] ; i_sck      ; i_sck    ; None                        ; None                      ; 0.428 ns                ;
; N/A   ; Restricted to 500.00 MHz ( period = 2.000 ns ) ; shift_register:shift_register_inst|q[6][0] ; shift_register:shift_register_inst|q[7][0] ; i_sck      ; i_sck    ; None                        ; None                      ; 0.427 ns                ;
; N/A   ; Restricted to 500.00 MHz ( period = 2.000 ns ) ; shift_register:shift_register_inst|q[2][0] ; shift_register:shift_register_inst|q[3][0] ; i_sck      ; i_sck    ; None                        ; None                      ; 0.424 ns                ;
; N/A   ; Restricted to 500.00 MHz ( period = 2.000 ns ) ; shift_register:shift_register_inst|q[3][0] ; shift_register:shift_register_inst|q[4][0] ; i_sck      ; i_sck    ; None                        ; None                      ; 0.424 ns                ;
; N/A   ; Restricted to 500.00 MHz ( period = 2.000 ns ) ; shift_register:shift_register_inst|q[4][1] ; shift_register:shift_register_inst|q[5][1] ; i_sck      ; i_sck    ; None                        ; None                      ; 0.424 ns                ;
; N/A   ; Restricted to 500.00 MHz ( period = 2.000 ns ) ; shift_register:shift_register_inst|q[5][1] ; shift_register:shift_register_inst|q[6][1] ; i_sck      ; i_sck    ; None                        ; None                      ; 0.424 ns                ;
; N/A   ; Restricted to 500.00 MHz ( period = 2.000 ns ) ; shift_register:shift_register_inst|q[5][2] ; shift_register:shift_register_inst|q[6][2] ; i_sck      ; i_sck    ; None                        ; None                      ; 0.424 ns                ;
; N/A   ; Restricted to 500.00 MHz ( period = 2.000 ns ) ; shift_register:shift_register_inst|q[6][2] ; shift_register:shift_register_inst|q[7][2] ; i_sck      ; i_sck    ; None                        ; None                      ; 0.422 ns                ;
; N/A   ; Restricted to 500.00 MHz ( period = 2.000 ns ) ; shift_register:shift_register_inst|q[1][0] ; shift_register:shift_register_inst|q[2][0] ; i_sck      ; i_sck    ; None                        ; None                      ; 0.421 ns                ;
; N/A   ; Restricted to 500.00 MHz ( period = 2.000 ns ) ; shift_register:shift_register_inst|q[1][1] ; shift_register:shift_register_inst|q[2][1] ; i_sck      ; i_sck    ; None                        ; None                      ; 0.419 ns                ;
; N/A   ; Restricted to 500.00 MHz ( period = 2.000 ns ) ; shift_register:shift_register_inst|q[0][1] ; shift_register:shift_register_inst|q[1][1] ; i_sck      ; i_sck    ; None                        ; None                      ; 0.415 ns                ;
; N/A   ; Restricted to 500.00 MHz ( period = 2.000 ns ) ; shift_register:shift_register_inst|q[2][2] ; shift_register:shift_register_inst|q[3][2] ; i_sck      ; i_sck    ; None                        ; None                      ; 0.411 ns                ;
+-------+------------------------------------------------+--------------------------------------------+--------------------------------------------+------------+----------+-----------------------------+---------------------------+-------------------------+


+-------------------------------------------------------------------------------------------------------+
; tsu                                                                                                   ;
+-------+--------------+------------+-----------+--------------------------------------------+----------+
; Slack ; Required tsu ; Actual tsu ; From      ; To                                         ; To Clock ;
+-------+--------------+------------+-----------+--------------------------------------------+----------+
; N/A   ; None         ; 4.910 ns   ; i_sck     ; shift_register:shift_register_inst|q[0][1] ; i_sck    ;
; N/A   ; None         ; 4.910 ns   ; i_sck     ; shift_register:shift_register_inst|q[0][2] ; i_sck    ;
; N/A   ; None         ; 4.910 ns   ; i_sck     ; shift_register:shift_register_inst|q[1][1] ; i_sck    ;
; N/A   ; None         ; 4.910 ns   ; i_sck     ; shift_register:shift_register_inst|q[1][2] ; i_sck    ;
; N/A   ; None         ; 4.910 ns   ; i_sck     ; shift_register:shift_register_inst|q[2][1] ; i_sck    ;
; N/A   ; None         ; 4.910 ns   ; i_sck     ; shift_register:shift_register_inst|q[2][2] ; i_sck    ;
; N/A   ; None         ; 4.910 ns   ; i_sck     ; shift_register:shift_register_inst|q[3][1] ; i_sck    ;
; N/A   ; None         ; 4.910 ns   ; i_sck     ; shift_register:shift_register_inst|q[3][2] ; i_sck    ;
; N/A   ; None         ; 4.910 ns   ; i_sck     ; shift_register:shift_register_inst|q[4][1] ; i_sck    ;
; N/A   ; None         ; 4.910 ns   ; i_sck     ; shift_register:shift_register_inst|q[4][2] ; i_sck    ;
; N/A   ; None         ; 4.910 ns   ; i_sck     ; shift_register:shift_register_inst|q[5][1] ; i_sck    ;
; N/A   ; None         ; 4.910 ns   ; i_sck     ; shift_register:shift_register_inst|q[5][2] ; i_sck    ;
; N/A   ; None         ; 4.910 ns   ; i_sck     ; shift_register:shift_register_inst|q[6][1] ; i_sck    ;
; N/A   ; None         ; 4.910 ns   ; i_sck     ; shift_register:shift_register_inst|q[6][2] ; i_sck    ;
; N/A   ; None         ; 4.910 ns   ; i_sck     ; shift_register:shift_register_inst|q[7][1] ; i_sck    ;
; N/A   ; None         ; 4.910 ns   ; i_sck     ; shift_register:shift_register_inst|q[7][2] ; i_sck    ;
; N/A   ; None         ; 4.901 ns   ; i_sck     ; shift_register:shift_register_inst|q[0][0] ; i_sck    ;
; N/A   ; None         ; 4.901 ns   ; i_sck     ; shift_register:shift_register_inst|q[1][0] ; i_sck    ;
; N/A   ; None         ; 4.901 ns   ; i_sck     ; shift_register:shift_register_inst|q[2][0] ; i_sck    ;
; N/A   ; None         ; 4.901 ns   ; i_sck     ; shift_register:shift_register_inst|q[3][0] ; i_sck    ;
; N/A   ; None         ; 4.901 ns   ; i_sck     ; shift_register:shift_register_inst|q[4][0] ; i_sck    ;
; N/A   ; None         ; 4.901 ns   ; i_sck     ; shift_register:shift_register_inst|q[5][0] ; i_sck    ;
; N/A   ; None         ; 4.901 ns   ; i_sck     ; shift_register:shift_register_inst|q[6][0] ; i_sck    ;
; N/A   ; None         ; 4.901 ns   ; i_sck     ; shift_register:shift_register_inst|q[7][0] ; i_sck    ;
; N/A   ; None         ; 4.637 ns   ; i_sck     ; counter:counter_inst|count[0]              ; i_clk    ;
; N/A   ; None         ; 4.637 ns   ; i_sck     ; counter:counter_inst|count[1]              ; i_clk    ;
; N/A   ; None         ; 4.637 ns   ; i_sck     ; counter:counter_inst|count[2]              ; i_clk    ;
; N/A   ; None         ; 4.637 ns   ; i_sck     ; counter:counter_inst|count[3]              ; i_clk    ;
; N/A   ; None         ; 4.637 ns   ; i_sck     ; counter:counter_inst|count[4]              ; i_clk    ;
; N/A   ; None         ; 4.637 ns   ; i_sck     ; counter:counter_inst|count[5]              ; i_clk    ;
; N/A   ; None         ; 4.637 ns   ; i_sck     ; counter:counter_inst|count[6]              ; i_clk    ;
; N/A   ; None         ; 4.637 ns   ; i_sck     ; counter:counter_inst|count[7]              ; i_clk    ;
; N/A   ; None         ; 3.720 ns   ; i_sck     ; front_detector:front_detector_inst|q       ; i_clk    ;
; N/A   ; None         ; 3.128 ns   ; i_mosi[0] ; o_miso[0]~reg0                             ; i_clk    ;
; N/A   ; None         ; 3.097 ns   ; i_mosi[0] ; shift_register:shift_register_inst|q[0][0] ; i_sck    ;
; N/A   ; None         ; 3.085 ns   ; i_mosi[2] ; shift_register:shift_register_inst|q[0][2] ; i_sck    ;
; N/A   ; None         ; 2.703 ns   ; i_mosi[2] ; o_miso[2]~reg0                             ; i_clk    ;
; N/A   ; None         ; 2.654 ns   ; i_mosi[1] ; shift_register:shift_register_inst|q[0][1] ; i_sck    ;
; N/A   ; None         ; 2.614 ns   ; i_mosi[1] ; o_miso[1]~reg0                             ; i_clk    ;
+-------+--------------+------------+-----------+--------------------------------------------+----------+


+------------------------------------------------------------------------------+
; tco                                                                          ;
+-------+--------------+------------+----------------+------------+------------+
; Slack ; Required tco ; Actual tco ; From           ; To         ; From Clock ;
+-------+--------------+------------+----------------+------------+------------+
; N/A   ; None         ; 7.336 ns   ; o_miso[2]~reg0 ; o_miso[2]  ; i_clk      ;
; N/A   ; None         ; 7.163 ns   ; q[7]           ; o_data[7]  ; i_clk      ;
; N/A   ; None         ; 6.910 ns   ; q[8]           ; o_data[8]  ; i_clk      ;
; N/A   ; None         ; 6.725 ns   ; q[0]           ; o_data[0]  ; i_clk      ;
; N/A   ; None         ; 6.601 ns   ; q[2]           ; o_data[2]  ; i_clk      ;
; N/A   ; None         ; 6.508 ns   ; q[4]           ; o_data[4]  ; i_clk      ;
; N/A   ; None         ; 6.503 ns   ; q[13]          ; o_data[13] ; i_clk      ;
; N/A   ; None         ; 6.387 ns   ; q[22]          ; o_data[22] ; i_clk      ;
; N/A   ; None         ; 6.362 ns   ; q[6]           ; o_data[6]  ; i_clk      ;
; N/A   ; None         ; 5.987 ns   ; q[20]          ; o_data[20] ; i_clk      ;
; N/A   ; None         ; 5.887 ns   ; q[15]          ; o_data[15] ; i_clk      ;
; N/A   ; None         ; 5.862 ns   ; q[3]           ; o_data[3]  ; i_clk      ;
; N/A   ; None         ; 5.651 ns   ; q[14]          ; o_data[14] ; i_clk      ;
; N/A   ; None         ; 5.642 ns   ; q[17]          ; o_data[17] ; i_clk      ;
; N/A   ; None         ; 5.527 ns   ; q[10]          ; o_data[10] ; i_clk      ;
; N/A   ; None         ; 5.418 ns   ; o_miso[0]~reg0 ; o_miso[0]  ; i_clk      ;
; N/A   ; None         ; 5.365 ns   ; q[11]          ; o_data[11] ; i_clk      ;
; N/A   ; None         ; 5.343 ns   ; q[12]          ; o_data[12] ; i_clk      ;
; N/A   ; None         ; 5.326 ns   ; q[23]          ; o_data[23] ; i_clk      ;
; N/A   ; None         ; 5.323 ns   ; q[5]           ; o_data[5]  ; i_clk      ;
; N/A   ; None         ; 5.312 ns   ; q[21]          ; o_data[21] ; i_clk      ;
; N/A   ; None         ; 5.299 ns   ; q[18]          ; o_data[18] ; i_clk      ;
; N/A   ; None         ; 5.298 ns   ; q[1]           ; o_data[1]  ; i_clk      ;
; N/A   ; None         ; 5.295 ns   ; o_valid~reg0   ; o_valid    ; i_clk      ;
; N/A   ; None         ; 5.283 ns   ; q[19]          ; o_data[19] ; i_clk      ;
; N/A   ; None         ; 5.258 ns   ; q[16]          ; o_data[16] ; i_clk      ;
; N/A   ; None         ; 5.059 ns   ; q[9]           ; o_data[9]  ; i_clk      ;
; N/A   ; None         ; 5.011 ns   ; o_miso[1]~reg0 ; o_miso[1]  ; i_clk      ;
+-------+--------------+------------+----------------+------------+------------+


+-------------------------------------------------------------------------------------------------------------+
; th                                                                                                          ;
+---------------+-------------+-----------+-----------+--------------------------------------------+----------+
; Minimum Slack ; Required th ; Actual th ; From      ; To                                         ; To Clock ;
+---------------+-------------+-----------+-----------+--------------------------------------------+----------+
; N/A           ; None        ; -2.375 ns ; i_mosi[1] ; o_miso[1]~reg0                             ; i_clk    ;
; N/A           ; None        ; -2.415 ns ; i_mosi[1] ; shift_register:shift_register_inst|q[0][1] ; i_sck    ;
; N/A           ; None        ; -2.464 ns ; i_mosi[2] ; o_miso[2]~reg0                             ; i_clk    ;
; N/A           ; None        ; -2.846 ns ; i_mosi[2] ; shift_register:shift_register_inst|q[0][2] ; i_sck    ;
; N/A           ; None        ; -2.858 ns ; i_mosi[0] ; shift_register:shift_register_inst|q[0][0] ; i_sck    ;
; N/A           ; None        ; -2.889 ns ; i_mosi[0] ; o_miso[0]~reg0                             ; i_clk    ;
; N/A           ; None        ; -3.481 ns ; i_sck     ; front_detector:front_detector_inst|q       ; i_clk    ;
; N/A           ; None        ; -4.398 ns ; i_sck     ; counter:counter_inst|count[0]              ; i_clk    ;
; N/A           ; None        ; -4.398 ns ; i_sck     ; counter:counter_inst|count[1]              ; i_clk    ;
; N/A           ; None        ; -4.398 ns ; i_sck     ; counter:counter_inst|count[2]              ; i_clk    ;
; N/A           ; None        ; -4.398 ns ; i_sck     ; counter:counter_inst|count[3]              ; i_clk    ;
; N/A           ; None        ; -4.398 ns ; i_sck     ; counter:counter_inst|count[4]              ; i_clk    ;
; N/A           ; None        ; -4.398 ns ; i_sck     ; counter:counter_inst|count[5]              ; i_clk    ;
; N/A           ; None        ; -4.398 ns ; i_sck     ; counter:counter_inst|count[6]              ; i_clk    ;
; N/A           ; None        ; -4.398 ns ; i_sck     ; counter:counter_inst|count[7]              ; i_clk    ;
; N/A           ; None        ; -4.662 ns ; i_sck     ; shift_register:shift_register_inst|q[0][0] ; i_sck    ;
; N/A           ; None        ; -4.662 ns ; i_sck     ; shift_register:shift_register_inst|q[1][0] ; i_sck    ;
; N/A           ; None        ; -4.662 ns ; i_sck     ; shift_register:shift_register_inst|q[2][0] ; i_sck    ;
; N/A           ; None        ; -4.662 ns ; i_sck     ; shift_register:shift_register_inst|q[3][0] ; i_sck    ;
; N/A           ; None        ; -4.662 ns ; i_sck     ; shift_register:shift_register_inst|q[4][0] ; i_sck    ;
; N/A           ; None        ; -4.662 ns ; i_sck     ; shift_register:shift_register_inst|q[5][0] ; i_sck    ;
; N/A           ; None        ; -4.662 ns ; i_sck     ; shift_register:shift_register_inst|q[6][0] ; i_sck    ;
; N/A           ; None        ; -4.662 ns ; i_sck     ; shift_register:shift_register_inst|q[7][0] ; i_sck    ;
; N/A           ; None        ; -4.671 ns ; i_sck     ; shift_register:shift_register_inst|q[0][1] ; i_sck    ;
; N/A           ; None        ; -4.671 ns ; i_sck     ; shift_register:shift_register_inst|q[0][2] ; i_sck    ;
; N/A           ; None        ; -4.671 ns ; i_sck     ; shift_register:shift_register_inst|q[1][1] ; i_sck    ;
; N/A           ; None        ; -4.671 ns ; i_sck     ; shift_register:shift_register_inst|q[1][2] ; i_sck    ;
; N/A           ; None        ; -4.671 ns ; i_sck     ; shift_register:shift_register_inst|q[2][1] ; i_sck    ;
; N/A           ; None        ; -4.671 ns ; i_sck     ; shift_register:shift_register_inst|q[2][2] ; i_sck    ;
; N/A           ; None        ; -4.671 ns ; i_sck     ; shift_register:shift_register_inst|q[3][1] ; i_sck    ;
; N/A           ; None        ; -4.671 ns ; i_sck     ; shift_register:shift_register_inst|q[3][2] ; i_sck    ;
; N/A           ; None        ; -4.671 ns ; i_sck     ; shift_register:shift_register_inst|q[4][1] ; i_sck    ;
; N/A           ; None        ; -4.671 ns ; i_sck     ; shift_register:shift_register_inst|q[4][2] ; i_sck    ;
; N/A           ; None        ; -4.671 ns ; i_sck     ; shift_register:shift_register_inst|q[5][1] ; i_sck    ;
; N/A           ; None        ; -4.671 ns ; i_sck     ; shift_register:shift_register_inst|q[5][2] ; i_sck    ;
; N/A           ; None        ; -4.671 ns ; i_sck     ; shift_register:shift_register_inst|q[6][1] ; i_sck    ;
; N/A           ; None        ; -4.671 ns ; i_sck     ; shift_register:shift_register_inst|q[6][2] ; i_sck    ;
; N/A           ; None        ; -4.671 ns ; i_sck     ; shift_register:shift_register_inst|q[7][1] ; i_sck    ;
; N/A           ; None        ; -4.671 ns ; i_sck     ; shift_register:shift_register_inst|q[7][2] ; i_sck    ;
+---------------+-------------+-----------+-----------+--------------------------------------------+----------+


+--------------------------+
; Timing Analyzer Messages ;
+--------------------------+
Info: *******************************************************************
Info: Running Quartus II Classic Timing Analyzer
    Info: Version 9.1 Build 350 03/24/2010 Service Pack 2 SJ Web Edition
    Info: Processing started: Sat Apr 04 21:00:17 2026
Info: Command: quartus_tan --read_settings_files=off --write_settings_files=off laba2 -c laba2 --timing_analysis_only
Warning: Found pins functioning as undefined clocks and/or memory enables
    Info: Assuming node "i_clk" is an undefined clock
    Info: Assuming node "i_sck" is an undefined clock
Info: Clock "i_clk" has Internal fmax of 395.88 MHz between source register "counter:counter_inst|count[6]" and destination register "q[1]" (period= 2.526 ns)
    Info: + Longest register to register delay is 2.351 ns
        Info: 1: + IC(0.000 ns) + CELL(0.000 ns) = 0.000 ns; Loc. = LCFF_X31_Y3_N11; Fanout = 3; REG Node = 'counter:counter_inst|count[6]'
        Info: 2: + IC(0.342 ns) + CELL(0.357 ns) = 0.699 ns; Loc. = LCCOMB_X30_Y3_N14; Fanout = 1; COMB Node = 'counter:counter_inst|Equal0~0'
        Info: 3: + IC(0.196 ns) + CELL(0.053 ns) = 0.948 ns; Loc. = LCCOMB_X30_Y3_N2; Fanout = 25; COMB Node = 'counter:counter_inst|Equal0~1'
        Info: 4: + IC(0.657 ns) + CELL(0.746 ns) = 2.351 ns; Loc. = LCFF_X35_Y3_N3; Fanout = 1; REG Node = 'q[1]'
        Info: Total cell delay = 1.156 ns ( 49.17 % )
        Info: Total interconnect delay = 1.195 ns ( 50.83 % )
    Info: - Smallest clock skew is 0.009 ns
        Info: + Shortest clock path from clock "i_clk" to destination register is 2.495 ns
            Info: 1: + IC(0.000 ns) + CELL(0.854 ns) = 0.854 ns; Loc. = PIN_N20; Fanout = 1; CLK Node = 'i_clk'
            Info: 2: + IC(0.343 ns) + CELL(0.000 ns) = 1.197 ns; Loc. = CLKCTRL_G3; Fanout = 37; COMB Node = 'i_clk~clkctrl'
            Info: 3: + IC(0.680 ns) + CELL(0.618 ns) = 2.495 ns; Loc. = LCFF_X35_Y3_N3; Fanout = 1; REG Node = 'q[1]'
            Info: Total cell delay = 1.472 ns ( 59.00 % )
            Info: Total interconnect delay = 1.023 ns ( 41.00 % )
        Info: - Longest clock path from clock "i_clk" to source register is 2.486 ns
            Info: 1: + IC(0.000 ns) + CELL(0.854 ns) = 0.854 ns; Loc. = PIN_N20; Fanout = 1; CLK Node = 'i_clk'
            Info: 2: + IC(0.343 ns) + CELL(0.000 ns) = 1.197 ns; Loc. = CLKCTRL_G3; Fanout = 37; COMB Node = 'i_clk~clkctrl'
            Info: 3: + IC(0.671 ns) + CELL(0.618 ns) = 2.486 ns; Loc. = LCFF_X31_Y3_N11; Fanout = 3; REG Node = 'counter:counter_inst|count[6]'
            Info: Total cell delay = 1.472 ns ( 59.21 % )
            Info: Total interconnect delay = 1.014 ns ( 40.79 % )
    Info: + Micro clock to output delay of source is 0.094 ns
    Info: + Micro setup delay of destination is 0.090 ns
Info: Clock "i_sck" Internal fmax is restricted to 500.0 MHz between source register "shift_register:shift_register_inst|q[5][0]" and destination register "shift_register:shift_register_inst|q[6][0]"
    Info: fmax restricted to clock pin edge rate 2.0 ns. Expand message to see actual delay path.
        Info: + Longest register to register delay is 0.581 ns
            Info: 1: + IC(0.000 ns) + CELL(0.000 ns) = 0.000 ns; Loc. = LCFF_X30_Y3_N29; Fanout = 2; REG Node = 'shift_register:shift_register_inst|q[5][0]'
            Info: 2: + IC(0.373 ns) + CELL(0.053 ns) = 0.426 ns; Loc. = LCCOMB_X30_Y3_N30; Fanout = 1; COMB Node = 'shift_register:shift_register_inst|q[6][0]~feeder'
            Info: 3: + IC(0.000 ns) + CELL(0.155 ns) = 0.581 ns; Loc. = LCFF_X30_Y3_N31; Fanout = 2; REG Node = 'shift_register:shift_register_inst|q[6][0]'
            Info: Total cell delay = 0.208 ns ( 35.80 % )
            Info: Total interconnect delay = 0.373 ns ( 64.20 % )
        Info: - Smallest clock skew is 0.000 ns
            Info: + Shortest clock path from clock "i_sck" to destination register is 2.494 ns
                Info: 1: + IC(0.000 ns) + CELL(0.864 ns) = 0.864 ns; Loc. = PIN_M21; Fanout = 3; CLK Node = 'i_sck'
                Info: 2: + IC(0.343 ns) + CELL(0.000 ns) = 1.207 ns; Loc. = CLKCTRL_G1; Fanout = 24; COMB Node = 'i_sck~clkctrl'
                Info: 3: + IC(0.669 ns) + CELL(0.618 ns) = 2.494 ns; Loc. = LCFF_X30_Y3_N31; Fanout = 2; REG Node = 'shift_register:shift_register_inst|q[6][0]'
                Info: Total cell delay = 1.482 ns ( 59.42 % )
                Info: Total interconnect delay = 1.012 ns ( 40.58 % )
            Info: - Longest clock path from clock "i_sck" to source register is 2.494 ns
                Info: 1: + IC(0.000 ns) + CELL(0.864 ns) = 0.864 ns; Loc. = PIN_M21; Fanout = 3; CLK Node = 'i_sck'
                Info: 2: + IC(0.343 ns) + CELL(0.000 ns) = 1.207 ns; Loc. = CLKCTRL_G1; Fanout = 24; COMB Node = 'i_sck~clkctrl'
                Info: 3: + IC(0.669 ns) + CELL(0.618 ns) = 2.494 ns; Loc. = LCFF_X30_Y3_N29; Fanout = 2; REG Node = 'shift_register:shift_register_inst|q[5][0]'
                Info: Total cell delay = 1.482 ns ( 59.42 % )
                Info: Total interconnect delay = 1.012 ns ( 40.58 % )
        Info: + Micro clock to output delay of source is 0.094 ns
        Info: + Micro setup delay of destination is 0.090 ns
Info: tsu for register "shift_register:shift_register_inst|q[0][1]" (data pin = "i_sck", clock pin = "i_sck") is 4.910 ns
    Info: + Longest pin to register delay is 7.325 ns
        Info: 1: + IC(0.000 ns) + CELL(0.864 ns) = 0.864 ns; Loc. = PIN_M21; Fanout = 3; CLK Node = 'i_sck'
        Info: 2: + IC(4.974 ns) + CELL(0.228 ns) = 6.066 ns; Loc. = LCCOMB_X31_Y3_N14; Fanout = 32; COMB Node = 'front_detector:front_detector_inst|o_en'
        Info: 3: + IC(0.513 ns) + CELL(0.746 ns) = 7.325 ns; Loc. = LCFF_X35_Y3_N5; Fanout = 2; REG Node = 'shift_register:shift_register_inst|q[0][1]'
        Info: Total cell delay = 1.838 ns ( 25.09 % )
        Info: Total interconnect delay = 5.487 ns ( 74.91 % )
    Info: + Micro setup delay of destination is 0.090 ns
    Info: - Shortest clock path from clock "i_sck" to destination register is 2.505 ns
        Info: 1: + IC(0.000 ns) + CELL(0.864 ns) = 0.864 ns; Loc. = PIN_M21; Fanout = 3; CLK Node = 'i_sck'
        Info: 2: + IC(0.343 ns) + CELL(0.000 ns) = 1.207 ns; Loc. = CLKCTRL_G1; Fanout = 24; COMB Node = 'i_sck~clkctrl'
        Info: 3: + IC(0.680 ns) + CELL(0.618 ns) = 2.505 ns; Loc. = LCFF_X35_Y3_N5; Fanout = 2; REG Node = 'shift_register:shift_register_inst|q[0][1]'
        Info: Total cell delay = 1.482 ns ( 59.16 % )
        Info: Total interconnect delay = 1.023 ns ( 40.84 % )
Info: tco from clock "i_clk" to destination pin "o_miso[2]" through register "o_miso[2]~reg0" is 7.336 ns
    Info: + Longest clock path from clock "i_clk" to source register is 2.486 ns
        Info: 1: + IC(0.000 ns) + CELL(0.854 ns) = 0.854 ns; Loc. = PIN_N20; Fanout = 1; CLK Node = 'i_clk'
        Info: 2: + IC(0.343 ns) + CELL(0.000 ns) = 1.197 ns; Loc. = CLKCTRL_G3; Fanout = 37; COMB Node = 'i_clk~clkctrl'
        Info: 3: + IC(0.671 ns) + CELL(0.618 ns) = 2.486 ns; Loc. = LCFF_X7_Y4_N17; Fanout = 1; REG Node = 'o_miso[2]~reg0'
        Info: Total cell delay = 1.472 ns ( 59.21 % )
        Info: Total interconnect delay = 1.014 ns ( 40.79 % )
    Info: + Micro clock to output delay of source is 0.094 ns
    Info: + Longest register to pin delay is 4.756 ns
        Info: 1: + IC(0.000 ns) + CELL(0.000 ns) = 0.000 ns; Loc. = LCFF_X7_Y4_N17; Fanout = 1; REG Node = 'o_miso[2]~reg0'
        Info: 2: + IC(2.612 ns) + CELL(2.144 ns) = 4.756 ns; Loc. = PIN_P2; Fanout = 0; PIN Node = 'o_miso[2]'
        Info: Total cell delay = 2.144 ns ( 45.08 % )
        Info: Total interconnect delay = 2.612 ns ( 54.92 % )
Info: th for register "o_miso[1]~reg0" (data pin = "i_mosi[1]", clock pin = "i_clk") is -2.375 ns
    Info: + Longest clock path from clock "i_clk" to destination register is 2.501 ns
        Info: 1: + IC(0.000 ns) + CELL(0.854 ns) = 0.854 ns; Loc. = PIN_N20; Fanout = 1; CLK Node = 'i_clk'
        Info: 2: + IC(0.343 ns) + CELL(0.000 ns) = 1.197 ns; Loc. = CLKCTRL_G3; Fanout = 37; COMB Node = 'i_clk~clkctrl'
        Info: 3: + IC(0.686 ns) + CELL(0.618 ns) = 2.501 ns; Loc. = LCFF_X35_Y1_N17; Fanout = 1; REG Node = 'o_miso[1]~reg0'
        Info: Total cell delay = 1.472 ns ( 58.86 % )
        Info: Total interconnect delay = 1.029 ns ( 41.14 % )
    Info: + Micro hold delay of destination is 0.149 ns
    Info: - Shortest pin to register delay is 5.025 ns
        Info: 1: + IC(0.000 ns) + CELL(0.867 ns) = 0.867 ns; Loc. = PIN_AB5; Fanout = 2; PIN Node = 'i_mosi[1]'
        Info: 2: + IC(3.950 ns) + CELL(0.053 ns) = 4.870 ns; Loc. = LCCOMB_X35_Y1_N16; Fanout = 1; COMB Node = 'o_miso[1]~reg0feeder'
        Info: 3: + IC(0.000 ns) + CELL(0.155 ns) = 5.025 ns; Loc. = LCFF_X35_Y1_N17; Fanout = 1; REG Node = 'o_miso[1]~reg0'
        Info: Total cell delay = 1.075 ns ( 21.39 % )
        Info: Total interconnect delay = 3.950 ns ( 78.61 % )
Info: Quartus II Classic Timing Analyzer was successful. 0 errors, 1 warning
    Info: Peak virtual memory: 172 megabytes
    Info: Processing ended: Sat Apr 04 21:00:18 2026
    Info: Elapsed time: 00:00:01
    Info: Total CPU time (on all processors): 00:00:01


